<html>
<body>
<pre>
<h1>µVision Build Log</h1>
<h2>Tool Versions:</h2>
IDE-Version: ¦ÌVision V5.15
Copyright (C) 2015 ARM Ltd and ARM Germany GmbH. All rights reserved.
License Information: sky Sky123.Org, Sky123.Org, LIC=P6F63-A5JSF-NTD3G-V0HZ9-EFB8I-J7I5M
 
Tool Versions:
Toolchain:       MDK-ARM Professional  Version: 5.15.0
Toolchain Path:  D:\Keil_v515\ARM\ARMCC\Bin
C Compiler:      Armcc.exe V5.05 update 2 (build 169)
Assembler:       Armasm.exe V5.05 update 2 (build 169)
Linker/Locator:  ArmLink.exe V5.05 update 2 (build 169)
Library Manager: ArmAr.exe V5.05 update 2 (build 169)
Hex Converter:   FromElf.exe V5.05 update 2 (build 169)
CPU DLL:         SARMCM3.DLL V5.15.0
Dialog DLL:      DCM.DLL V1.13.2.0
    Target DLL: STLink\ST-LINKIII-KEIL.dll
Dialog DLL:      TCM.DLL V1.14.5.0
 
<h2>Project:</h2>
C:\Users\Administrator\Desktop\Open407V-C-Demo\USB HS Examples\Project\USB_Host_Examples\MSC\MDK-ARM\USBH_MSC.uvproj
Project File Date:  07/02/2013

<h2>Output:</h2>
*** Using Compiler 'V5.05 update 2 (build 169)', folder: 'D:\Keil_v515\ARM\ARMCC\Bin'
Rebuild target 'STM324xG-EVAL_USBH-HS'
compiling stm32fxxx_it.c...
compiling usb_bsp.c...
compiling main.c...
compiling usbh_usr.c...
compiling misc.c...
compiling usbh_stdreq.c...
compiling usbh_core.c...
compiling usbh_hcs.c...
compiling usbh_ioreq.c...
compiling usb_hcd_int.c...
compiling usb_core.c...
compiling usb_hcd.c...
compiling usbh_msc_scsi.c...
compiling usbh_msc_bot.c...
compiling usbh_msc_core.c...
compiling usbh_msc_fatfs.c...
compiling ff.c...
compiling fattime.c...
compiling lcd_log.c...
assembling startup_stm32f4xx.s...
compiling system_stm32f4xx.c...
compiling stm32f4xx_sdio.c...
compiling stm32f4xx_spi.c...
compiling stm32f4xx_syscfg.c...
compiling stm32f4xx_tim.c...
compiling stm32f4xx_usart.c...
compiling stm32f4xx_dma.c...
compiling stm32f4xx_exti.c...
compiling stm32f4xx_flash.c...
compiling stm32f4xx_fsmc.c...
compiling stm32f4xx_gpio.c...
compiling stm32f4xx_i2c.c...
compiling stm32f4xx_pwr.c...
compiling stm32f4xx_rcc.c...
compiling stm324xg_eval_sdio_sd.c...
compiling stm324xg_eval_lcd.c...
compiling stm324xg_eval.c...
compiling stm324xg_eval_Key.c...
linking...
Program Size: Code=25344 RO-data=10200 RW-data=284 ZI-data=6692  
FromELF: creating hex file...
".\STM324xG-EVAL\STM324xG-EVAL_HS.axf" - 0 Error(s), 0 Warning(s).
</pre>
</body>
</html>
