<html>
<body>
<pre>
<h1>礦ision Build Log</h1>
<h2>Project:</h2>
D:\temp\新建文件夹 (26)\Open407V-C-Demo (3)\Open407V-C-Demo\GPIO_LED_KEY\Project\Project.uvproj
Project File Date:  06/26/2012

<h2>Output:</h2>
Build target 'Open207V'
compiling main.c...
compiling stm32f4xx_it.c...
compiling config.c...
compiling usart.c...
assembling startup_stm32f4xx.s...
compiling misc.c...
compiling stm32f4xx_gpio.c...
compiling stm32f4xx_i2c.c...
compiling stm32f4xx_rcc.c...
compiling stm32f4xx_usart.c...
compiling system_stm32f4xx.c...
linking...
Program Size: Code=4768 RO-data=424 RW-data=40 ZI-data=1632  
FromELF: creating hex file...
".\Output\Project.axf" - 0 Error(s), 0 Warning(s).
Load "D:\\temp\\新建文件夹 (26)\\Open407V-C-Demo (3)\\Open407V-C-Demo\\GPIO_LED_KEY\\Project\\Output\\Project.axf" 
Erase Done.
Programming Done.
Verify OK.
Application running ...
</pre>
</body>
</html>
