<html>
<body>
<pre>
<h1>礦ision Build Log</h1>
<h2>Project:</h2>
G:\temp\新建文件夹 (14)\20160314103905!Open407V-C-Demo\Open407V-C-Demo\LCD\Project\Project.uvproj
Project File Date:  06/24/2014

<h2>Output:</h2>
Build target 'DK407V'
compiling main.c...
linking...
Program Size: Code=12274 RO-data=1946 RW-data=44 ZI-data=1636  
FromELF: creating hex file...
".\Output\Project.axf" - 0 Error(s), 0 Warning(s).
</pre>
</body>
</html>
(14)\\20160314103905!Open407V-C-Demo\\Open407V-C-Demo\\LCD\\Project\\Output\\Project.axf" 
Erase Done.
Programming Done.
Verify OK.
Application running ...
ication running ...
4 ZI-data=1636  
FromELF: creating hex file...
".\Output\Project.axf" - 0 Error(s), 0 Warning(s).
Load "G:\\temp\\新建文件夹 (14)\\20160314103905!Open407V-C-Demo\\Open407V-C-Demo\\LCD\\Project\\Output\\Project.axf" 
Error: Flash Download failed  -  Target DLL has been cancelled
