<html>
<body>
<pre>
<h1>礦ision Build Log</h1>
<h2>Project:</h2>
G:\temp\新建文件夹 (14)\20160314103905!Open407V-C-Demo\Open407V-C-Demo\DCMI_OV7670\Project\Project.uvproj
Project File Date:  11/19/2015

<h2>Output:</h2>
Build target 'Open407V-D'
compiling LCD.c...
..\User\LCD\LCD.c(1372): warning:  #167-D: argument of type "uint8_t *" is incompatible with parameter of type "char *restrict"
        sprintf(lcd_buff1,"FPS:%d",str);
..\User\LCD\LCD.c: 1 warning, 0 errors
linking...
Program Size: Code=16990 RO-data=2322 RW-data=60 ZI-data=1652  
FromELF: creating hex file...
".\Output\Project.axf" - 0 Error(s), 1 Warning(s).
Load "G:\\temp\\新建文件夹 (14)\\20160314103905!Open407V-C-Demo\\Open407V-C-Demo\\DCMI_OV7670\\Project\\Output\\Project.axf" 
Erase Done.
Programming Done.
Verify OK.
Application running ...
</pre>
</body>
</html>

LCD\LCD.c(1372): warning:  #167-D: argument of type "uint8_t *" is incompatible with parameter of type "char *restrict"
        sprintf(lcd_buff1,"FPS:%d",str);
..\User\LCD\LCD.c: 1 warning, 0 errors
"..\User\LCD\LCD.c" - 0 Error(s), 1 Warning(s).
 (14)\\20160314103905!Open407V-C-Demo\\Open407V-C-Demo\\DCMI_OV7670\\Project\\Output\\Project.axf" 
Erase Done.
Programming Done.
Verify OK.
Application running ...
Load "G:\\temp\\新建文件夹 (14)\\20160314103905!Open407V-C-Demo\\Open407V-C-Demo\\DCMI_OV7670\\Project\\Output\\Project.axf" 
Erase Done.
Programming Done.
Verify OK.
Application running ...
