<html>
<body>
<pre>
<h1>礦ision Build Log</h1>
<h2>Project:</h2>
G:\temp\新建文件夹 (14)\20160314103905!Open407V-C-Demo\Open407V-C-Demo\TouchPanel\Project\Project.uvproj
Project File Date:  06/28/2013

<h2>Output:</h2>
Build target 'DK407V'
compiling LCD.c...
linking...
Program Size: Code=17958 RO-data=1946 RW-data=64 ZI-data=1704  
FromELF: creating hex file...
".\Output\Project.axf" - 0 Error(s), 0 Warning(s).
Load "G:\\temp\\新建文件夹 (14)\\20160314103905!Open407V-C-Demo\\Open407V-C-Demo\\TouchPanel\\Project\\Output\\Project.axf" 
Erase Done.
Programming Done.
Verify OK.
Application running ...
</pre>
</body>
</html>
..
compiling misc.c...
compiling stm32f4xx_fsmc.c...
compiling stm32f4xx_gpio.c...
compiling stm32f4xx_rcc.c...
compiling stm32f4xx_usart.c...
compiling stm32f4xx_spi.c...
compiling system_stm32f4xx.c...
linking...
Program Size: Code=18002 RO-data=1946 RW-data=64 ZI-data=1704  
FromELF: creating hex file...
".\Output\Project.axf" - 0 Error(s), 1 Warning(s).
Load "G:\\temp\\新建文件夹 (14)\\20160314103905!Open407V-C-Demo\\Open407V-C-Demo\\TouchPanel\\Project\\Output\\Project.axf" 
Erase Done.
Programming Done.
Verify OK.
Application running ...
