Component: ARM Compiler 5.05 update 2 (build 169) Tool: armlink [4d0f33]

==============================================================================

Section Cross References

    app.o(i.main) refers to usbd_core.o(i.USBD_Init) for USBD_Init
    app.o(i.main) refers to stm324xg_eval.o(i.STM_EVAL_LEDToggle) for STM_EVAL_LEDToggle
    app.o(i.main) refers to usbd_usr.o(.data) for USR_cb
    app.o(i.main) refers to usbd_msc_core.o(.data) for USBD_MSC_cb
    app.o(i.main) refers to usbd_desc.o(.data) for USR_desc
    app.o(i.main) refers to app.o(.bss) for .bss
    stm32fxxx_it.o(i.OTG_FS_IRQHandler) refers to usb_dcd_int.o(i.USBD_OTG_ISR_Handler) for USBD_OTG_ISR_Handler
    stm32fxxx_it.o(i.OTG_FS_IRQHandler) refers to app.o(.bss) for USB_OTG_dev
    stm32fxxx_it.o(i.SDIO_IRQHandler) refers to stm324xg_eval_sdio_sd.o(i.SD_ProcessIRQSrc) for SD_ProcessIRQSrc
    usb_bsp.o(i.USB_OTG_BSP_EnableInterrupt) refers to misc.o(i.NVIC_PriorityGroupConfig) for NVIC_PriorityGroupConfig
    usb_bsp.o(i.USB_OTG_BSP_EnableInterrupt) refers to misc.o(i.NVIC_Init) for NVIC_Init
    usb_bsp.o(i.USB_OTG_BSP_Init) refers to stm32f4xx_rcc.o(i.RCC_AHB1PeriphClockCmd) for RCC_AHB1PeriphClockCmd
    usb_bsp.o(i.USB_OTG_BSP_Init) refers to stm32f4xx_gpio.o(i.GPIO_Init) for GPIO_Init
    usb_bsp.o(i.USB_OTG_BSP_Init) refers to stm32f4xx_gpio.o(i.GPIO_PinAFConfig) for GPIO_PinAFConfig
    usb_bsp.o(i.USB_OTG_BSP_Init) refers to stm32f4xx_rcc.o(i.RCC_APB2PeriphClockCmd) for RCC_APB2PeriphClockCmd
    usb_bsp.o(i.USB_OTG_BSP_Init) refers to stm32f4xx_rcc.o(i.RCC_AHB2PeriphClockCmd) for RCC_AHB2PeriphClockCmd
    usb_bsp.o(i.USB_OTG_BSP_mDelay) refers to usb_bsp.o(i.USB_OTG_BSP_uDelay) for USB_OTG_BSP_uDelay
    usbd_usr.o(i.USBD_USR_Init) refers to stm324xg_eval.o(i.STM_EVAL_LEDInit) for STM_EVAL_LEDInit
    usbd_usr.o(.data) refers to usbd_usr.o(i.USBD_USR_Init) for USBD_USR_Init
    usbd_usr.o(.data) refers to usbd_usr.o(i.USBD_USR_DeviceReset) for USBD_USR_DeviceReset
    usbd_usr.o(.data) refers to usbd_usr.o(i.USBD_USR_DeviceConfigured) for USBD_USR_DeviceConfigured
    usbd_usr.o(.data) refers to usbd_usr.o(i.USBD_USR_DeviceSuspended) for USBD_USR_DeviceSuspended
    usbd_usr.o(.data) refers to usbd_usr.o(i.USBD_USR_DeviceResumed) for USBD_USR_DeviceResumed
    usbd_usr.o(.data) refers to usbd_usr.o(i.USBD_USR_DeviceConnected) for USBD_USR_DeviceConnected
    usbd_usr.o(.data) refers to usbd_usr.o(i.USBD_USR_DeviceDisconnected) for USBD_USR_DeviceDisconnected
    usbd_storage_msd.o(i.STORAGE_GetCapacity) refers to stm324xg_eval_sdio_sd.o(i.SD_GetStatus) for SD_GetStatus
    usbd_storage_msd.o(i.STORAGE_GetCapacity) refers to stm324xg_eval_sdio_sd.o(.bss) for SDCardInfo
    usbd_storage_msd.o(i.STORAGE_Init) refers to misc.o(i.NVIC_Init) for NVIC_Init
    usbd_storage_msd.o(i.STORAGE_Init) refers to stm324xg_eval_sdio_sd.o(i.SD_Init) for SD_Init
    usbd_storage_msd.o(i.STORAGE_IsReady) refers to stm324xg_eval_sdio_sd.o(i.SD_Init) for SD_Init
    usbd_storage_msd.o(i.STORAGE_IsReady) refers to stm324xg_eval_sdio_sd.o(i.SD_GetStatus) for SD_GetStatus
    usbd_storage_msd.o(i.STORAGE_IsReady) refers to usbd_storage_msd.o(.data) for .data
    usbd_storage_msd.o(i.STORAGE_Read) refers to stm324xg_eval_sdio_sd.o(i.SD_ReadMultiBlocks) for SD_ReadMultiBlocks
    usbd_storage_msd.o(i.STORAGE_Read) refers to stm324xg_eval_sdio_sd.o(i.SD_WaitReadOperation) for SD_WaitReadOperation
    usbd_storage_msd.o(i.STORAGE_Read) refers to stm324xg_eval_sdio_sd.o(i.SD_GetStatus) for SD_GetStatus
    usbd_storage_msd.o(i.STORAGE_Write) refers to stm324xg_eval_sdio_sd.o(i.SD_WriteMultiBlocks) for SD_WriteMultiBlocks
    usbd_storage_msd.o(i.STORAGE_Write) refers to stm324xg_eval_sdio_sd.o(i.SD_WaitWriteOperation) for SD_WaitWriteOperation
    usbd_storage_msd.o(i.STORAGE_Write) refers to stm324xg_eval_sdio_sd.o(i.SD_GetStatus) for SD_GetStatus
    usbd_storage_msd.o(.data) refers to usbd_storage_msd.o(i.STORAGE_Init) for STORAGE_Init
    usbd_storage_msd.o(.data) refers to usbd_storage_msd.o(i.STORAGE_GetCapacity) for STORAGE_GetCapacity
    usbd_storage_msd.o(.data) refers to usbd_storage_msd.o(i.STORAGE_IsReady) for STORAGE_IsReady
    usbd_storage_msd.o(.data) refers to usbd_storage_msd.o(i.STORAGE_IsWriteProtected) for STORAGE_IsWriteProtected
    usbd_storage_msd.o(.data) refers to usbd_storage_msd.o(i.STORAGE_Read) for STORAGE_Read
    usbd_storage_msd.o(.data) refers to usbd_storage_msd.o(i.STORAGE_Write) for STORAGE_Write
    usbd_storage_msd.o(.data) refers to usbd_storage_msd.o(i.STORAGE_GetMaxLun) for STORAGE_GetMaxLun
    usbd_storage_msd.o(.data) refers to usbd_storage_msd.o(.constdata) for STORAGE_Inquirydata
    usbd_storage_msd.o(.data) refers to usbd_storage_msd.o(.data) for USBD_MICRO_SDIO_fops
    usbd_desc.o(i.USBD_USR_ConfigStrDescriptor) refers to usbd_req.o(i.USBD_GetString) for USBD_GetString
[...]
    $v0                                      0x0800019c   Number         0  startup_stm32f4xx.o(.text)
    .text                                    0x080001c0   Section       36  init.o(.text)
    .text                                    0x080001e4   Section        0  __dczerorl2.o(.text)
    i.BusFault_Handler                       0x0800023a   Section        0  stm32fxxx_it.o(i.BusFault_Handler)
    i.CmdResp1Error                          0x0800023c   Section        0  stm324xg_eval_sdio_sd.o(i.CmdResp1Error)
    CmdResp1Error                            0x0800023d   Thumb Code   224  stm324xg_eval_sdio_sd.o(i.CmdResp1Error)
    i.CmdResp2Error                          0x08000324   Section        0  stm324xg_eval_sdio_sd.o(i.CmdResp2Error)
    CmdResp2Error                            0x08000325   Thumb Code    46  stm324xg_eval_sdio_sd.o(i.CmdResp2Error)
    i.CmdResp6Error                          0x08000358   Section        0  stm324xg_eval_sdio_sd.o(i.CmdResp6Error)
    CmdResp6Error                            0x08000359   Thumb Code   106  stm324xg_eval_sdio_sd.o(i.CmdResp6Error)
    i.DCD_EP_Close                           0x080003c8   Section        0  usb_dcd.o(i.DCD_EP_Close)
    i.DCD_EP_ClrStall                        0x080003f4   Section        0  usb_dcd.o(i.DCD_EP_ClrStall)
    i.DCD_EP_Flush                           0x0800042c   Section        0  usb_dcd.o(i.DCD_EP_Flush)
    i.DCD_EP_Open                            0x08000444   Section        0  usb_dcd.o(i.DCD_EP_Open)
    i.DCD_EP_PrepareRx                       0x08000480   Section        0  usb_dcd.o(i.DCD_EP_PrepareRx)
    i.DCD_EP_SetAddress                      0x080004c4   Section        0  usb_dcd.o(i.DCD_EP_SetAddress)
    i.DCD_EP_Stall                           0x080004d4   Section        0  usb_dcd.o(i.DCD_EP_Stall)
    i.DCD_EP_Tx                              0x0800050c   Section        0  usb_dcd.o(i.DCD_EP_Tx)
    i.DCD_HandleInEP_ISR                     0x0800054c   Section        0  usb_dcd_int.o(i.DCD_HandleInEP_ISR)
    DCD_HandleInEP_ISR                       0x0800054d   Thumb Code   198  usb_dcd_int.o(i.DCD_HandleInEP_ISR)
    i.DCD_HandleOutEP_ISR                    0x08000618   Section        0  usb_dcd_int.o(i.DCD_HandleOutEP_ISR)
    DCD_HandleOutEP_ISR                      0x08000619   Thumb Code   166  usb_dcd_int.o(i.DCD_HandleOutEP_ISR)
    i.DCD_HandleRxStatusQueueLevel_ISR       0x080006c4   Section        0  usb_dcd_int.o(i.DCD_HandleRxStatusQueueLevel_ISR)
    DCD_HandleRxStatusQueueLevel_ISR         0x080006c5   Thumb Code   124  usb_dcd_int.o(i.DCD_HandleRxStatusQueueLevel_ISR)
    i.DCD_HandleUSBSuspend_ISR               0x08000740   Section        0  usb_dcd_int.o(i.DCD_HandleUSBSuspend_ISR)
    DCD_HandleUSBSuspend_ISR                 0x08000741   Thumb Code   102  usb_dcd_int.o(i.DCD_HandleUSBSuspend_ISR)
    i.DCD_HandleUsbReset_ISR                 0x080007b0   Section        0  usb_dcd_int.o(i.DCD_HandleUsbReset_ISR)
    DCD_HandleUsbReset_ISR                   0x080007b1   Thumb Code   128  usb_dcd_int.o(i.DCD_HandleUsbReset_ISR)
    i.DCD_Init                               0x08000834   Section        0  usb_dcd.o(i.DCD_Init)
    i.DCD_WriteEmptyTxFifo                   0x080008c8   Section        0  usb_dcd_int.o(i.DCD_WriteEmptyTxFifo)
    DCD_WriteEmptyTxFifo                     0x080008c9   Thumb Code   126  usb_dcd_int.o(i.DCD_WriteEmptyTxFifo)
    i.DMA_ClearFlag                          0x08000948   Section        0  stm32f4xx_dma.o(i.DMA_ClearFlag)
    i.DMA_Cmd                                0x08000974   Section        0  stm32f4xx_dma.o(i.DMA_Cmd)
    i.DMA_DeInit                             0x08000988   Section        0  stm32f4xx_dma.o(i.DMA_DeInit)
    i.DMA_FlowControllerConfig               0x08000aac   Section        0  stm32f4xx_dma.o(i.DMA_FlowControllerConfig)
    i.DMA_ITConfig                           0x08000ac0   Section        0  stm32f4xx_dma.o(i.DMA_ITConfig)
    i.DMA_Init                               0x08000aec   Section        0  stm32f4xx_dma.o(i.DMA_Init)
    i.DebugMon_Handler                       0x08000b40   Section        0  stm32fxxx_it.o(i.DebugMon_Handler)
    i.FindSCR                                0x08000b44   Section        0  stm324xg_eval_sdio_sd.o(i.FindSCR)
    FindSCR                                  0x08000b45   Thumb Code   296  stm324xg_eval_sdio_sd.o(i.FindSCR)
    i.GPIO_Init                              0x08000c78   Section        0  stm32f4xx_gpio.o(i.GPIO_Init)
    i.GPIO_PinAFConfig                       0x08000d1a   Section        0  stm32f4xx_gpio.o(i.GPIO_PinAFConfig)
    i.GPIO_ReadInputDataBit                  0x08000d3a   Section        0  stm32f4xx_gpio.o(i.GPIO_ReadInputDataBit)
    i.HardFault_Handler                      0x08000d48   Section        0  stm32fxxx_it.o(i.HardFault_Handler)
    i.MSC_BOT_Abort                          0x08000d4c   Section        0  usbd_msc_bot.o(i.MSC_BOT_Abort)
    MSC_BOT_Abort                            0x08000d4d   Thumb Code    60  usbd_msc_bot.o(i.MSC_BOT_Abort)
    i.MSC_BOT_CBW_Decode                     0x08000d90   Section        0  usbd_msc_bot.o(i.MSC_BOT_CBW_Decode)
    MSC_BOT_CBW_Decode                       0x08000d91   Thumb Code   168  usbd_msc_bot.o(i.MSC_BOT_CBW_Decode)
    i.MSC_BOT_CplClrFeature                  0x08000e48   Section        0  usbd_msc_bot.o(i.MSC_BOT_CplClrFeature)
    i.MSC_BOT_DataIn                         0x08000e74   Section        0  usbd_msc_bot.o(i.MSC_BOT_DataIn)
    i.MSC_BOT_DataOut                        0x08000eb4   Section        0  usbd_msc_bot.o(i.MSC_BOT_DataOut)
    i.MSC_BOT_DeInit                         0x08000ef4   Section        0  usbd_msc_bot.o(i.MSC_BOT_DeInit)
    i.MSC_BOT_Init                           0x08000f00   Section        0  usbd_msc_bot.o(i.MSC_BOT_Init)
    i.MSC_BOT_Reset                          0x08000f44   Section        0  usbd_msc_bot.o(i.MSC_BOT_Reset)
    i.MSC_BOT_SendCSW                        0x08000f60   Section        0  usbd_msc_bot.o(i.MSC_BOT_SendCSW)
    i.MemManage_Handler                      0x08000f9c   Section        0  stm32fxxx_it.o(i.MemManage_Handler)
    i.NMI_Handler                            0x08000f9e   Section        0  stm32fxxx_it.o(i.NMI_Handler)
    i.NVIC_Init                              0x08000fa0   Section        0  misc.o(i.NVIC_Init)
    i.NVIC_PriorityGroupConfig               0x08001004   Section        0  misc.o(i.NVIC_PriorityGroupConfig)
    i.OTG_FS_IRQHandler                      0x08001018   Section        0  stm32fxxx_it.o(i.OTG_FS_IRQHandler)
    i.PendSV_Handler                         0x08001024   Section        0  stm32fxxx_it.o(i.PendSV_Handler)
    i.RCC_AHB1PeriphClockCmd                 0x08001028   Section        0  stm32f4xx_rcc.o(i.RCC_AHB1PeriphClockCmd)
    i.RCC_AHB2PeriphClockCmd                 0x08001040   Section        0  stm32f4xx_rcc.o(i.RCC_AHB2PeriphClockCmd)
    i.RCC_APB2PeriphClockCmd                 0x08001058   Section        0  stm32f4xx_rcc.o(i.RCC_APB2PeriphClockCmd)
    i.RCC_APB2PeriphResetCmd                 0x08001070   Section        0  stm32f4xx_rcc.o(i.RCC_APB2PeriphResetCmd)
    i.SCSI_CheckAddressRange                 0x08001088   Section        0  usbd_msc_scsi.o(i.SCSI_CheckAddressRange)
    SCSI_CheckAddressRange                   0x08001089   Thumb Code    30  usbd_msc_scsi.o(i.SCSI_CheckAddressRange)
    i.SCSI_ProcessCmd                        0x080010ac   Section        0  usbd_msc_scsi.o(i.SCSI_ProcessCmd)
    i.SCSI_ProcessRead                       0x08001214   Section        0  usbd_msc_scsi.o(i.SCSI_ProcessRead)
    SCSI_ProcessRead                         0x08001215   Thumb Code   114  usbd_msc_scsi.o(i.SCSI_ProcessRead)
    i.SCSI_ProcessWrite                      0x0800129c   Section        0  usbd_msc_scsi.o(i.SCSI_ProcessWrite)
    SCSI_ProcessWrite                        0x0800129d   Thumb Code   126  usbd_msc_scsi.o(i.SCSI_ProcessWrite)
    i.SCSI_Read10                            0x0800132c   Section        0  usbd_msc_scsi.o(i.SCSI_Read10)
    SCSI_Read10                              0x0800132d   Thumb Code   144  usbd_msc_scsi.o(i.SCSI_Read10)
    i.SCSI_ReadCapacity10                    0x080013d0   Section        0  usbd_msc_scsi.o(i.SCSI_ReadCapacity10)
    SCSI_ReadCapacity10                      0x080013d1   Thumb Code    86  usbd_msc_scsi.o(i.SCSI_ReadCapacity10)
    i.SCSI_ReadFormatCapacity                0x08001438   Section        0  usbd_msc_scsi.o(i.SCSI_ReadFormatCapacity)
    SCSI_ReadFormatCapacity                  0x08001439   Thumb Code   100  usbd_msc_scsi.o(i.SCSI_ReadFormatCapacity)
    i.SCSI_RequestSense                      0x080014a8   Section        0  usbd_msc_scsi.o(i.SCSI_RequestSense)
    SCSI_RequestSense                        0x080014a9   Thumb Code    86  usbd_msc_scsi.o(i.SCSI_RequestSense)
    i.SCSI_SenseCode                         0x08001510   Section        0  usbd_msc_scsi.o(i.SCSI_SenseCode)
    i.SCSI_Write10                           0x0800153c   Section        0  usbd_msc_scsi.o(i.SCSI_Write10)
    SCSI_Write10                             0x0800153d   Thumb Code   174  usbd_msc_scsi.o(i.SCSI_Write10)
    i.SDEnWideBus                            0x08001600   Section        0  stm324xg_eval_sdio_sd.o(i.SDEnWideBus)
    SDEnWideBus                              0x08001601   Thumb Code   182  stm324xg_eval_sdio_sd.o(i.SDEnWideBus)
    i.SDIO_ClearFlag                         0x080016c0   Section        0  stm32f4xx_sdio.o(i.SDIO_ClearFlag)
    i.SDIO_ClearITPendingBit                 0x080016cc   Section        0  stm32f4xx_sdio.o(i.SDIO_ClearITPendingBit)
    i.SDIO_ClockCmd                          0x080016d8   Section        0  stm32f4xx_sdio.o(i.SDIO_ClockCmd)
    i.SDIO_DMACmd                            0x080016e4   Section        0  stm32f4xx_sdio.o(i.SDIO_DMACmd)
    i.SDIO_DataConfig                        0x080016f0   Section        0  stm32f4xx_sdio.o(i.SDIO_DataConfig)
    i.SDIO_DeInit                            0x08001720   Section        0  stm32f4xx_sdio.o(i.SDIO_DeInit)
    i.SDIO_GetCommandResponse                0x08001738   Section        0  stm32f4xx_sdio.o(i.SDIO_GetCommandResponse)
    i.SDIO_GetFlagStatus                     0x08001744   Section        0  stm32f4xx_sdio.o(i.SDIO_GetFlagStatus)
    i.SDIO_GetITStatus                       0x08001758   Section        0  stm32f4xx_sdio.o(i.SDIO_GetITStatus)
    i.SDIO_GetPowerState                     0x0800176c   Section        0  stm32f4xx_sdio.o(i.SDIO_GetPowerState)
    i.SDIO_GetResponse                       0x0800177c   Section        0  stm32f4xx_sdio.o(i.SDIO_GetResponse)
    i.SDIO_IRQHandler                        0x0800178c   Section        0  stm32fxxx_it.o(i.SDIO_IRQHandler)
    i.SDIO_ITConfig                          0x08001790   Section        0  stm32f4xx_sdio.o(i.SDIO_ITConfig)
    i.SDIO_Init                              0x080017a8   Section        0  stm32f4xx_sdio.o(i.SDIO_Init)
    i.SDIO_ReadData                          0x080017d4   Section        0  stm32f4xx_sdio.o(i.SDIO_ReadData)
    i.SDIO_SendCommand                       0x080017e0   Section        0  stm32f4xx_sdio.o(i.SDIO_SendCommand)
    i.SDIO_SetPowerState                     0x08001808   Section        0  stm32f4xx_sdio.o(i.SDIO_SetPowerState)
    i.SD_Detect                              0x08001814   Section        0  stm324xg_eval_sdio_sd.o(i.SD_Detect)
    i.SD_EnableWideBusOperation              0x08001838   Section        0  stm324xg_eval_sdio_sd.o(i.SD_EnableWideBusOperation)
    i.SD_GetCardInfo                         0x080018ac   Section        0  stm324xg_eval_sdio_sd.o(i.SD_GetCardInfo)
    i.SD_GetState                            0x08001b10   Section        0  stm324xg_eval_sdio_sd.o(i.SD_GetState)
    i.SD_GetStatus                           0x08001b32   Section        0  stm324xg_eval_sdio_sd.o(i.SD_GetStatus)
    i.SD_Init                                0x08001b4c   Section        0  stm324xg_eval_sdio_sd.o(i.SD_Init)
    i.SD_InitializeCards                     0x08001bcc   Section        0  stm324xg_eval_sdio_sd.o(i.SD_InitializeCards)
    i.SD_LowLevel_DMA_RxConfig               0x08001cc8   Section        0  stm324xg_eval.o(i.SD_LowLevel_DMA_RxConfig)
    i.SD_LowLevel_DMA_TxConfig               0x08001d50   Section        0  stm324xg_eval.o(i.SD_LowLevel_DMA_TxConfig)
    i.SD_LowLevel_Init                       0x08001dd8   Section        0  stm324xg_eval.o(i.SD_LowLevel_Init)
    i.SD_PowerON                             0x08001e98   Section        0  stm324xg_eval_sdio_sd.o(i.SD_PowerON)
    i.SD_ProcessIRQSrc                       0x0800207c   Section        0  stm324xg_eval_sdio_sd.o(i.SD_ProcessIRQSrc)
    i.SD_ReadMultiBlocks                     0x0800210c   Section        0  stm324xg_eval_sdio_sd.o(i.SD_ReadMultiBlocks)
    i.SD_SelectDeselect                      0x080021c8   Section        0  stm324xg_eval_sdio_sd.o(i.SD_SelectDeselect)
    i.SD_SendStatus                          0x080021f4   Section        0  stm324xg_eval_sdio_sd.o(i.SD_SendStatus)
    i.SD_StopTransfer                        0x0800223c   Section        0  stm324xg_eval_sdio_sd.o(i.SD_StopTransfer)
    i.SD_WaitReadOperation                   0x08002264   Section        0  stm324xg_eval_sdio_sd.o(i.SD_WaitReadOperation)
    i.SD_WaitWriteOperation                  0x080022c4   Section        0  stm324xg_eval_sdio_sd.o(i.SD_WaitWriteOperation)
    i.SD_WriteMultiBlocks                    0x08002324   Section        0  stm324xg_eval_sdio_sd.o(i.SD_WriteMultiBlocks)
    i.STM_EVAL_LEDInit                       0x08002428   Section        0  stm324xg_eval.o(i.STM_EVAL_LEDInit)
    i.STM_EVAL_LEDToggle                     0x08002470   Section        0  stm324xg_eval.o(i.STM_EVAL_LEDToggle)
    i.STORAGE_GetCapacity                    0x0800248c   Section        0  usbd_storage_msd.o(i.STORAGE_GetCapacity)
    i.STORAGE_GetMaxLun                      0x080024bc   Section        0  usbd_storage_msd.o(i.STORAGE_GetMaxLun)
    i.STORAGE_Init                           0x080024c0   Section        0  usbd_storage_msd.o(i.STORAGE_Init)
    i.STORAGE_IsReady                        0x080024ec   Section        0  usbd_storage_msd.o(i.STORAGE_IsReady)
    i.STORAGE_IsWriteProtected               0x08002514   Section        0  usbd_storage_msd.o(i.STORAGE_IsWriteProtected)
    i.STORAGE_Read                           0x08002518   Section        0  usbd_storage_msd.o(i.STORAGE_Read)
    i.STORAGE_Write                          0x08002540   Section        0  usbd_storage_msd.o(i.STORAGE_Write)
    i.SVC_Handler                            0x08002566   Section        0  stm32fxxx_it.o(i.SVC_Handler)
    i.SetSysClock                            0x08002568   Section        0  system_stm32f4xx.o(i.SetSysClock)
    SetSysClock                              0x08002569   Thumb Code   162  system_stm32f4xx.o(i.SetSysClock)
    i.SysTick_Handler                        0x0800261c   Section        0  stm32fxxx_it.o(i.SysTick_Handler)
    i.SystemInit                             0x08002620   Section        0  system_stm32f4xx.o(i.SystemInit)
    i.USBD_ClrCfg                            0x0800267c   Section        0  usbd_core.o(i.USBD_ClrCfg)
    i.USBD_CtlContinueRx                     0x0800268a   Section        0  usbd_ioreq.o(i.USBD_CtlContinueRx)
    i.USBD_CtlContinueSendData               0x0800269c   Section        0  usbd_ioreq.o(i.USBD_CtlContinueSendData)
    i.USBD_CtlError                          0x080026ae   Section        0  usbd_req.o(i.USBD_CtlError)
    i.USBD_CtlReceiveStatus                  0x080026ca   Section        0  usbd_ioreq.o(i.USBD_CtlReceiveStatus)
    i.USBD_CtlSendData                       0x080026ec   Section        0  usbd_ioreq.o(i.USBD_CtlSendData)
    i.USBD_CtlSendStatus                     0x0800270c   Section        0  usbd_ioreq.o(i.USBD_CtlSendStatus)
    i.USBD_DataInStage                       0x08002730   Section        0  usbd_core.o(i.USBD_DataInStage)
    USBD_DataInStage                         0x08002731   Thumb Code   172  usbd_core.o(i.USBD_DataInStage)
    i.USBD_DataOutStage                      0x080027e0   Section        0  usbd_core.o(i.USBD_DataOutStage)
    USBD_DataOutStage                        0x080027e1   Thumb Code   120  usbd_core.o(i.USBD_DataOutStage)
    i.USBD_DevConnected                      0x08002858   Section        0  usbd_core.o(i.USBD_DevConnected)
    USBD_DevConnected                        0x08002859   Thumb Code    22  usbd_core.o(i.USBD_DevConnected)
    i.USBD_DevDisconnected                   0x0800286e   Section        0  usbd_core.o(i.USBD_DevDisconnected)
    USBD_DevDisconnected                     0x0800286f   Thumb Code    32  usbd_core.o(i.USBD_DevDisconnected)
    i.USBD_GetDescriptor                     0x0800288e   Section        0  usbd_req.o(i.USBD_GetDescriptor)
    USBD_GetDescriptor                       0x0800288f   Thumb Code   206  usbd_req.o(i.USBD_GetDescriptor)
    i.USBD_GetRxCount                        0x0800295c   Section        0  usbd_ioreq.o(i.USBD_GetRxCount)
    i.USBD_GetString                         0x0800296c   Section        0  usbd_req.o(i.USBD_GetString)
    i.USBD_Init                              0x080029b2   Section        0  usbd_core.o(i.USBD_Init)
    i.USBD_IsoINIncomplete                   0x080029e6   Section        0  usbd_core.o(i.USBD_IsoINIncomplete)
    USBD_IsoINIncomplete                     0x080029e7   Thumb Code    14  usbd_core.o(i.USBD_IsoINIncomplete)
    i.USBD_IsoOUTIncomplete                  0x080029f4   Section        0  usbd_core.o(i.USBD_IsoOUTIncomplete)
    USBD_IsoOUTIncomplete                    0x080029f5   Thumb Code    14  usbd_core.o(i.USBD_IsoOUTIncomplete)
    i.USBD_MSC_DataIn                        0x08002a02   Section        0  usbd_msc_core.o(i.USBD_MSC_DataIn)
    i.USBD_MSC_DataOut                       0x08002a0c   Section        0  usbd_msc_core.o(i.USBD_MSC_DataOut)
    i.USBD_MSC_DeInit                        0x08002a16   Section        0  usbd_msc_core.o(i.USBD_MSC_DeInit)
    i.USBD_MSC_GetCfgDesc                    0x08002a34   Section        0  usbd_msc_core.o(i.USBD_MSC_GetCfgDesc)
    i.USBD_MSC_Init                          0x08002a40   Section        0  usbd_msc_core.o(i.USBD_MSC_Init)
    i.USBD_MSC_Setup                         0x08002a6c   Section        0  usbd_msc_core.o(i.USBD_MSC_Setup)
    i.USBD_OTG_ISR_Handler                   0x08002b28   Section        0  usb_dcd_int.o(i.USBD_OTG_ISR_Handler)
    i.USBD_ParseSetupRequest                 0x08002ca0   Section        0  usbd_req.o(i.USBD_ParseSetupRequest)
    i.USBD_Reset                             0x08002ce4   Section        0  usbd_core.o(i.USBD_Reset)
    USBD_Reset                               0x08002ce5   Thumb Code    46  usbd_core.o(i.USBD_Reset)
    i.USBD_Resume                            0x08002d12   Section        0  usbd_core.o(i.USBD_Resume)
    USBD_Resume                              0x08002d13   Thumb Code    22  usbd_core.o(i.USBD_Resume)
    i.USBD_SOF                               0x08002d28   Section        0  usbd_core.o(i.USBD_SOF)
    USBD_SOF                                 0x08002d29   Thumb Code    16  usbd_core.o(i.USBD_SOF)
    i.USBD_SetCfg                            0x08002d38   Section        0  usbd_core.o(i.USBD_SetCfg)
    i.USBD_SetConfig                         0x08002d54   Section        0  usbd_req.o(i.USBD_SetConfig)
    USBD_SetConfig                           0x08002d55   Thumb Code   112  usbd_req.o(i.USBD_SetConfig)
    i.USBD_SetFeature                        0x08002dc8   Section        0  usbd_req.o(i.USBD_SetFeature)
    USBD_SetFeature                          0x08002dc9   Thumb Code   118  usbd_req.o(i.USBD_SetFeature)
    i.USBD_SetupStage                        0x08002e44   Section        0  usbd_core.o(i.USBD_SetupStage)
    USBD_SetupStage                          0x08002e45   Thumb Code    72  usbd_core.o(i.USBD_SetupStage)
    i.USBD_StdDevReq                         0x08002e8c   Section        0  usbd_req.o(i.USBD_StdDevReq)
    i.USBD_StdEPReq                          0x08002f7c   Section        0  usbd_req.o(i.USBD_StdEPReq)
    i.USBD_StdItfReq                         0x08003050   Section        0  usbd_req.o(i.USBD_StdItfReq)
    i.USBD_Suspend                           0x08003086   Section        0  usbd_core.o(i.USBD_Suspend)
    USBD_Suspend                             0x08003087   Thumb Code    28  usbd_core.o(i.USBD_Suspend)
    i.USBD_USR_ConfigStrDescriptor           0x080030a4   Section        0  usbd_desc.o(i.USBD_USR_ConfigStrDescriptor)
    i.USBD_USR_DeviceConfigured              0x080030c4   Section        0  usbd_usr.o(i.USBD_USR_DeviceConfigured)
    i.USBD_USR_DeviceConnected               0x080030c6   Section        0  usbd_usr.o(i.USBD_USR_DeviceConnected)
    i.USBD_USR_DeviceDescriptor              0x080030c8   Section        0  usbd_desc.o(i.USBD_USR_DeviceDescriptor)
    i.USBD_USR_DeviceDisconnected            0x080030d4   Section        0  usbd_usr.o(i.USBD_USR_DeviceDisconnected)
    i.USBD_USR_DeviceReset                   0x080030d6   Section        0  usbd_usr.o(i.USBD_USR_DeviceReset)
    i.USBD_USR_DeviceResumed                 0x080030d8   Section        0  usbd_usr.o(i.USBD_USR_DeviceResumed)
    i.USBD_USR_DeviceSuspended               0x080030da   Section        0  usbd_usr.o(i.USBD_USR_DeviceSuspended)
    i.USBD_USR_Init                          0x080030dc   Section        0  usbd_usr.o(i.USBD_USR_Init)
    i.USBD_USR_InterfaceStrDescriptor        0x080030fc   Section        0  usbd_desc.o(i.USBD_USR_InterfaceStrDescriptor)
    i.USBD_USR_LangIDStrDescriptor           0x08003120   Section        0  usbd_desc.o(i.USBD_USR_LangIDStrDescriptor)
    i.USBD_USR_ManufacturerStrDescriptor     0x0800312c   Section        0  usbd_desc.o(i.USBD_USR_ManufacturerStrDescriptor)
    i.USBD_USR_ProductStrDescriptor          0x08003154   Section        0  usbd_desc.o(i.USBD_USR_ProductStrDescriptor)
    i.USBD_USR_SerialStrDescriptor           0x080031a0   Section        0  usbd_desc.o(i.USBD_USR_SerialStrDescriptor)
    i.USB_OTG_BSP_EnableInterrupt            0x080031dc   Section        0  usb_bsp.o(i.USB_OTG_BSP_EnableInterrupt)
    i.USB_OTG_BSP_Init                       0x08003204   Section        0  usb_bsp.o(i.USB_OTG_BSP_Init)
    i.USB_OTG_BSP_mDelay                     0x08003298   Section        0  usb_bsp.o(i.USB_OTG_BSP_mDelay)
    i.USB_OTG_BSP_uDelay                     0x080032a2   Section        0  usb_bsp.o(i.USB_OTG_BSP_uDelay)
    i.USB_OTG_CoreInit                       0x080032b2   Section        0  usb_core.o(i.USB_OTG_CoreInit)
    i.USB_OTG_CoreInitDev                    0x08003334   Section        0  usb_core.o(i.USB_OTG_CoreInitDev)
    i.USB_OTG_CoreReset                      0x08003464   Section        0  usb_core.o(i.USB_OTG_CoreReset)
    USB_OTG_CoreReset                        0x08003465   Thumb Code    84  usb_core.o(i.USB_OTG_CoreReset)
    i.USB_OTG_DisableGlobalInt               0x080034bc   Section        0  usb_core.o(i.USB_OTG_DisableGlobalInt)
    i.USB_OTG_EP0Activate                    0x080034cc   Section        0  usb_core.o(i.USB_OTG_EP0Activate)
    i.USB_OTG_EP0StartXfer                   0x08003508   Section        0  usb_core.o(i.USB_OTG_EP0StartXfer)
    i.USB_OTG_EP0_OutStart                   0x080035c0   Section        0  usb_core.o(i.USB_OTG_EP0_OutStart)
    i.USB_OTG_EPActivate                     0x080035e4   Section        0  usb_core.o(i.USB_OTG_EPActivate)
    i.USB_OTG_EPClearStall                   0x08003636   Section        0  usb_core.o(i.USB_OTG_EPClearStall)
    i.USB_OTG_EPDeactivate                   0x08003668   Section        0  usb_core.o(i.USB_OTG_EPDeactivate)
    i.USB_OTG_EPSetStall                     0x0800369c   Section        0  usb_core.o(i.USB_OTG_EPSetStall)
    i.USB_OTG_EPStartXfer                    0x080036cc   Section        0  usb_core.o(i.USB_OTG_EPStartXfer)
    i.USB_OTG_EnableDevInt                   0x080037ec   Section        0  usb_core.o(i.USB_OTG_EnableDevInt)
    i.USB_OTG_EnableGlobalInt                0x0800383c   Section        0  usb_core.o(i.USB_OTG_EnableGlobalInt)
    i.USB_OTG_FlushRxFifo                    0x0800384c   Section        0  usb_core.o(i.USB_OTG_FlushRxFifo)
    i.USB_OTG_FlushTxFifo                    0x08003884   Section        0  usb_core.o(i.USB_OTG_FlushTxFifo)
    i.USB_OTG_GetDeviceSpeed                 0x080038c4   Section        0  usb_core.o(i.USB_OTG_GetDeviceSpeed)
    i.USB_OTG_InitDevSpeed                   0x080038ea   Section        0  usb_core.o(i.USB_OTG_InitDevSpeed)
    i.USB_OTG_IsDeviceMode                   0x080038f6   Section        0  usb_core.o(i.USB_OTG_IsDeviceMode)
    i.USB_OTG_ReadCoreItr                    0x08003908   Section        0  usb_core.o(i.USB_OTG_ReadCoreItr)
    i.USB_OTG_ReadDevAllInEPItr              0x08003912   Section        0  usb_core.o(i.USB_OTG_ReadDevAllInEPItr)
    i.USB_OTG_ReadDevAllOutEp_itr            0x0800391e   Section        0  usb_core.o(i.USB_OTG_ReadDevAllOutEp_itr)
    i.USB_OTG_ReadDevOutEP_itr               0x0800392a   Section        0  usb_core.o(i.USB_OTG_ReadDevOutEP_itr)
    i.USB_OTG_ReadPacket                     0x0800393a   Section        0  usb_core.o(i.USB_OTG_ReadPacket)
    i.USB_OTG_SelectCore                     0x0800395c   Section        0  usb_core.o(i.USB_OTG_SelectCore)
    i.USB_OTG_SetCurrentMode                 0x08003a1c   Section        0  usb_core.o(i.USB_OTG_SetCurrentMode)
    i.USB_OTG_WritePacket                    0x08003a46   Section        0  usb_core.o(i.USB_OTG_WritePacket)
    i.UsageFault_Handler                     0x08003a6e   Section        0  stm32fxxx_it.o(i.UsageFault_Handler)
    i.__scatterload_copy                     0x08003a70   Section       14  handlers.o(i.__scatterload_copy)
    i.__scatterload_null                     0x08003a7e   Section        2  handlers.o(i.__scatterload_null)
    i.__scatterload_zeroinit                 0x08003a80   Section       14  handlers.o(i.__scatterload_zeroinit)
    i.main                                   0x08003a90   Section        0  app.o(i.main)
    .constdata                               0x08003ae0   Section       36  usbd_storage_msd.o(.constdata)
    .constdata                               0x08003b04   Section        7  usbd_msc_data.o(.constdata)
    .constdata                               0x08003b0b   Section        8  usbd_msc_data.o(.constdata)
    .constdata                               0x08003b13   Section        8  usbd_msc_data.o(.constdata)
    .constdata                               0x08003b1c   Section       92  stm324xg_eval.o(.constdata)
    .data                                    0x20000000   Section       28  usbd_usr.o(.data)
    .data                                    0x2000001c   Section       32  usbd_storage_msd.o(.data)
    .data                                    0x2000003c   Section        4  usbd_storage_msd.o(.data)
    .data                                    0x20000040   Section        1  usbd_storage_msd.o(.data)
    last_status                              0x20000040   Data           1  usbd_storage_msd.o(.data)
    .data                                    0x20000044   Section       28  usbd_desc.o(.data)
    .data                                    0x20000060   Section       22  usbd_desc.o(.data)
    .data                                    0x20000078   Section       16  usbd_req.o(.data)
    cfgidx                                   0x20000078   Data           1  usbd_req.o(.data)
    .data                                    0x20000088   Section       44  usbd_core.o(.data)
    .data                                    0x200000b4   Section        4  usbd_core.o(.data)
    .data                                    0x200000b8   Section        4  usbd_core.o(.data)
    .data                                    0x200000bc   Section       24  usbd_msc_scsi.o(.data)
    .data                                    0x200000d4   Section        4  usbd_msc_bot.o(.data)
    .data                                    0x200000d8   Section       44  usbd_msc_core.o(.data)
    .data                                    0x20000104   Section       34  usbd_msc_core.o(.data)
    USBD_MSC_MaxLun                          0x20000104   Data           1  usbd_msc_core.o(.data)
    USBD_MSC_AltSet                          0x20000105   Data           1  usbd_msc_core.o(.data)
    .data                                    0x20000128   Section       24  stm324xg_eval_sdio_sd.o(.data)
    CardType                                 0x2000012c   Data           4  stm324xg_eval_sdio_sd.o(.data)
    RCA                                      0x20000130   Data           4  stm324xg_eval_sdio_sd.o(.data)
    .data                                    0x20000140   Section       44  stm324xg_eval.o(.data)
    .bss                                     0x2000016c   Section     1524  app.o(.bss)
    .bss                                     0x20000760   Section       64  usbd_req.o(.bss)
    .bss                                     0x200007a0   Section       32  usbd_msc_scsi.o(.bss)
    .bss                                     0x200007c0   Section     4144  usbd_msc_bot.o(.bss)
    .bss                                     0x200017f0   Section      204  stm324xg_eval_sdio_sd.o(.bss)
    CSD_Tab                                  0x200017f0   Data          16  stm324xg_eval_sdio_sd.o(.bss)
    CID_Tab                                  0x20001800   Data          16  stm324xg_eval_sdio_sd.o(.bss)
    SDSTATUS_Tab                             0x20001810   Data          16  stm324xg_eval_sdio_sd.o(.bss)
    STACK                                    0x200018c0   Section     1024  startup_stm32f4xx.o(STACK)

    Global Symbols

    Symbol Name                              Value     Ov Type        Size  Object(Section)

    BuildAttributes$$THM_ISAv4$E$P$D$K$B$S$7EM$VFPi3$EXTD16$VFPS$VFMA$PE$A:L22UL41UL21$X:L11$S22US41US21$IEEE1$IW$USESV6$~STKCKD$USESV7$~SHL$OSPACE$ROPI$EBA8$MICROLIB$REQ8$PRES8$EABIv2 0x00000000   Number         0  anon$$obj.o ABSOLUTE
    __ARM_use_no_argv                        0x00000000   Number         0  app.o ABSOLUTE
    __cpp_initialize__aeabi_                  - Undefined Weak Reference
    __cxa_finalize                            - Undefined Weak Reference
    _clock_init                               - Undefined Weak Reference
    _microlib_exit                            - Undefined Weak Reference
    __Vectors_Size                           0x00000188   Number         0  startup_stm32f4xx.o ABSOLUTE
    __Vectors                                0x08000000   Data           4  startup_stm32f4xx.o(RESET)
    __Vectors_End                            0x08000188   Data           0  startup_stm32f4xx.o(RESET)
    __main                                   0x08000189   Thumb Code     0  entry.o(.ARM.Collect$$$$00000000)
    _main_stk                                0x08000189   Thumb Code     0  entry2.o(.ARM.Collect$$$$00000001)
    _main_scatterload                        0x0800018d   Thumb Code     0  entry5.o(.ARM.Collect$$$$00000004)
    __main_after_scatterload                 0x08000191   Thumb Code     0  entry5.o(.ARM.Collect$$$$00000004)
    _main_clock                              0x08000191   Thumb Code     0  entry7b.o(.ARM.Collect$$$$00000008)
    _main_cpp_init                           0x08000191   Thumb Code     0  entry8b.o(.ARM.Collect$$$$0000000A)
    _main_init                               0x08000191   Thumb Code     0  entry9a.o(.ARM.Collect$$$$0000000B)
    __rt_final_cpp                           0x08000199   Thumb Code     0  entry10a.o(.ARM.Collect$$$$0000000D)
    __rt_final_exit                          0x08000199   Thumb Code     0  entry11a.o(.ARM.Collect$$$$0000000F)
    Reset_Handler                            0x0800019d   Thumb Code     8  startup_stm32f4xx.o(.text)
    ADC_IRQHandler                           0x080001b7   Thumb Code     0  startup_stm32f4xx.o(.text)
    CAN1_RX0_IRQHandler                      0x080001b7   Thumb Code     0  startup_stm32f4xx.o(.text)
    CAN1_RX1_IRQHandler                      0x080001b7   Thumb Code     0  startup_stm32f4xx.o(.text)
    CAN1_SCE_IRQHandler                      0x080001b7   Thumb Code     0  startup_stm32f4xx.o(.text)
    CAN1_TX_IRQHandler                       0x080001b7   Thumb Code     0  startup_stm32f4xx.o(.text)
    CAN2_RX0_IRQHandler                      0x080001b7   Thumb Code     0  startup_stm32f4xx.o(.text)
    CAN2_RX1_IRQHandler                      0x080001b7   Thumb Code     0  startup_stm32f4xx.o(.text)
    CAN2_SCE_IRQHandler                      0x080001b7   Thumb Code     0  startup_stm32f4xx.o(.text)
    CAN2_TX_IRQHandler                       0x080001b7   Thumb Code     0  startup_stm32f4xx.o(.text)
    CRYP_IRQHandler                          0x080001b7   Thumb Code     0  startup_stm32f4xx.o(.text)
    DCMI_IRQHandler                          0x080001b7   Thumb Code     0  startup_stm32f4xx.o(.text)
    DMA1_Stream0_IRQHandler                  0x080001b7   Thumb Code     0  startup_stm32f4xx.o(.text)
    DMA1_Stream1_IRQHandler                  0x080001b7   Thumb Code     0  startup_stm32f4xx.o(.text)
    DMA1_Stream2_IRQHandler                  0x080001b7   Thumb Code     0  startup_stm32f4xx.o(.text)
    DMA1_Stream3_IRQHandler                  0x080001b7   Thumb Code     0  startup_stm32f4xx.o(.text)
    DMA1_Stream4_IRQHandler                  0x080001b7   Thumb Code     0  startup_stm32f4xx.o(.text)
    DMA1_Stream5_IRQHandler                  0x080001b7   Thumb Code     0  startup_stm32f4xx.o(.text)
    DMA1_Stream6_IRQHandler                  0x080001b7   Thumb Code     0  startup_stm32f4xx.o(.text)
    DMA1_Stream7_IRQHandler                  0x080001b7   Thumb Code     0  startup_stm32f4xx.o(.text)
    DMA2_Stream0_IRQHandler                  0x080001b7   Thumb Code     0  startup_stm32f4xx.o(.text)
    DMA2_Stream1_IRQHandler                  0x080001b7   Thumb Code     0  startup_stm32f4xx.o(.text)
    DMA2_Stream2_IRQHandler                  0x080001b7   Thumb Code     0  startup_stm32f4xx.o(.text)
    DMA2_Stream3_IRQHandler                  0x080001b7   Thumb Code     0  startup_stm32f4xx.o(.text)
    DMA2_Stream4_IRQHandler                  0x080001b7   Thumb Code     0  startup_stm32f4xx.o(.text)
    DMA2_Stream5_IRQHandler                  0x080001b7   Thumb Code     0  startup_stm32f4xx.o(.text)
    DMA2_Stream6_IRQHandler                  0x080001b7   Thumb Code     0  startup_stm32f4xx.o(.text)
    DMA2_Stream7_IRQHandler                  0x080001b7   Thumb Code     0  startup_stm32f4xx.o(.text)
    ETH_IRQHandler                           0x080001b7   Thumb Code     0  startup_stm32f4xx.o(.text)
    ETH_WKUP_IRQHandler                      0x080001b7   Thumb Code     0  startup_stm32f4xx.o(.text)
    EXTI0_IRQHandler                         0x080001b7   Thumb Code     0  startup_stm32f4xx.o(.text)
    EXTI15_10_IRQHandler                     0x080001b7   Thumb Code     0  startup_stm32f4xx.o(.text)
    EXTI1_IRQHandler                         0x080001b7   Thumb Code     0  startup_stm32f4xx.o(.text)
    EXTI2_IRQHandler                         0x080001b7   Thumb Code     0  startup_stm32f4xx.o(.text)
    EXTI3_IRQHandler                         0x080001b7   Thumb Code     0  startup_stm32f4xx.o(.text)
    EXTI4_IRQHandler                         0x080001b7   Thumb Code     0  startup_stm32f4xx.o(.text)
    EXTI9_5_IRQHandler                       0x080001b7   Thumb Code     0  startup_stm32f4xx.o(.text)
    FLASH_IRQHandler                         0x080001b7   Thumb Code     0  startup_stm32f4xx.o(.text)
    FPU_IRQHandler                           0x080001b7   Thumb Code     0  startup_stm32f4xx.o(.text)
    FSMC_IRQHandler                          0x080001b7   Thumb Code     0  startup_stm32f4xx.o(.text)
    HASH_RNG_IRQHandler                      0x080001b7   Thumb Code     0  startup_stm32f4xx.o(.text)
    I2C1_ER_IRQHandler                       0x080001b7   Thumb Code     0  startup_stm32f4xx.o(.text)
    I2C1_EV_IRQHandler                       0x080001b7   Thumb Code     0  startup_stm32f4xx.o(.text)
    I2C2_ER_IRQHandler                       0x080001b7   Thumb Code     0  startup_stm32f4xx.o(.text)
    I2C2_EV_IRQHandler                       0x080001b7   Thumb Code     0  startup_stm32f4xx.o(.text)
    I2C3_ER_IRQHandler                       0x080001b7   Thumb Code     0  startup_stm32f4xx.o(.text)
    I2C3_EV_IRQHandler                       0x080001b7   Thumb Code     0  startup_stm32f4xx.o(.text)
    OTG_FS_WKUP_IRQHandler                   0x080001b7   Thumb Code     0  startup_stm32f4xx.o(.text)
    OTG_HS_EP1_IN_IRQHandler                 0x080001b7   Thumb Code     0  startup_stm32f4xx.o(.text)
    OTG_HS_EP1_OUT_IRQHandler                0x080001b7   Thumb Code     0  startup_stm32f4xx.o(.text)
    OTG_HS_IRQHandler                        0x080001b7   Thumb Code     0  startup_stm32f4xx.o(.text)
    OTG_HS_WKUP_IRQHandler                   0x080001b7   Thumb Code     0  startup_stm32f4xx.o(.text)
    PVD_IRQHandler                           0x080001b7   Thumb Code     0  startup_stm32f4xx.o(.text)
    RCC_IRQHandler                           0x080001b7   Thumb Code     0  startup_stm32f4xx.o(.text)
    RTC_Alarm_IRQHandler                     0x080001b7   Thumb Code     0  startup_stm32f4xx.o(.text)
    RTC_WKUP_IRQHandler                      0x080001b7   Thumb Code     0  startup_stm32f4xx.o(.text)
    SPI1_IRQHandler                          0x080001b7   Thumb Code     0  startup_stm32f4xx.o(.text)
    SPI2_IRQHandler                          0x080001b7   Thumb Code     0  startup_stm32f4xx.o(.text)
    SPI3_IRQHandler                          0x080001b7   Thumb Code     0  startup_stm32f4xx.o(.text)
    TAMP_STAMP_IRQHandler                    0x080001b7   Thumb Code     0  startup_stm32f4xx.o(.text)
    TIM1_BRK_TIM9_IRQHandler                 0x080001b7   Thumb Code     0  startup_stm32f4xx.o(.text)
    TIM1_CC_IRQHandler                       0x080001b7   Thumb Code     0  startup_stm32f4xx.o(.text)
    TIM1_TRG_COM_TIM11_IRQHandler            0x080001b7   Thumb Code     0  startup_stm32f4xx.o(.text)
    TIM1_UP_TIM10_IRQHandler                 0x080001b7   Thumb Code     0  startup_stm32f4xx.o(.text)
    TIM2_IRQHandler                          0x080001b7   Thumb Code     0  startup_stm32f4xx.o(.text)
    TIM3_IRQHandler                          0x080001b7   Thumb Code     0  startup_stm32f4xx.o(.text)
    TIM4_IRQHandler                          0x080001b7   Thumb Code     0  startup_stm32f4xx.o(.text)
    TIM5_IRQHandler                          0x080001b7   Thumb Code     0  startup_stm32f4xx.o(.text)
    TIM6_DAC_IRQHandler                      0x080001b7   Thumb Code     0  startup_stm32f4xx.o(.text)
    TIM7_IRQHandler                          0x080001b7   Thumb Code     0  startup_stm32f4xx.o(.text)
    TIM8_BRK_TIM12_IRQHandler                0x080001b7   Thumb Code     0  startup_stm32f4xx.o(.text)
    TIM8_CC_IRQHandler                       0x080001b7   Thumb Code     0  startup_stm32f4xx.o(.text)
    TIM8_TRG_COM_TIM14_IRQHandler            0x080001b7   Thumb Code     0  startup_stm32f4xx.o(.text)
    TIM8_UP_TIM13_IRQHandler                 0x080001b7   Thumb Code     0  startup_stm32f4xx.o(.text)
    UART4_IRQHandler                         0x080001b7   Thumb Code     0  startup_stm32f4xx.o(.text)
    UART5_IRQHandler                         0x080001b7   Thumb Code     0  startup_stm32f4xx.o(.text)
    USART1_IRQHandler                        0x080001b7   Thumb Code     0  startup_stm32f4xx.o(.text)
    USART2_IRQHandler                        0x080001b7   Thumb Code     0  startup_stm32f4xx.o(.text)
    USART3_IRQHandler                        0x080001b7   Thumb Code     0  startup_stm32f4xx.o(.text)
    USART6_IRQHandler                        0x080001b7   Thumb Code     0  startup_stm32f4xx.o(.text)
    WWDG_IRQHandler                          0x080001b7   Thumb Code     0  startup_stm32f4xx.o(.text)
    __scatterload                            0x080001c1   Thumb Code    28  init.o(.text)
    __scatterload_rt2                        0x080001c1   Thumb Code     0  init.o(.text)
    __decompress                             0x080001e5   Thumb Code     0  __dczerorl2.o(.text)
    __decompress1                            0x080001e5   Thumb Code    86  __dczerorl2.o(.text)
    BusFault_Handler                         0x0800023b   Thumb Code     2  stm32fxxx_it.o(i.BusFault_Handler)
    DCD_EP_Close                             0x080003c9   Thumb Code    44  usb_dcd.o(i.DCD_EP_Close)
    DCD_EP_ClrStall                          0x080003f5   Thumb Code    56  usb_dcd.o(i.DCD_EP_ClrStall)
    DCD_EP_Flush                             0x0800042d   Thumb Code    24  usb_dcd.o(i.DCD_EP_Flush)
    DCD_EP_Open                              0x08000445   Thumb Code    60  usb_dcd.o(i.DCD_EP_Open)
    DCD_EP_PrepareRx                         0x08000481   Thumb Code    68  usb_dcd.o(i.DCD_EP_PrepareRx)
    DCD_EP_SetAddress                        0x080004c5   Thumb Code    16  usb_dcd.o(i.DCD_EP_SetAddress)
    DCD_EP_Stall                             0x080004d5   Thumb Code    56  usb_dcd.o(i.DCD_EP_Stall)
    DCD_EP_Tx                                0x0800050d   Thumb Code    62  usb_dcd.o(i.DCD_EP_Tx)
    DCD_Init                                 0x08000835   Thumb Code   148  usb_dcd.o(i.DCD_Init)
    DMA_ClearFlag                            0x08000949   Thumb Code    32  stm32f4xx_dma.o(i.DMA_ClearFlag)
    DMA_Cmd                                  0x08000975   Thumb Code    20  stm32f4xx_dma.o(i.DMA_Cmd)
    DMA_DeInit                               0x08000989   Thumb Code   272  stm32f4xx_dma.o(i.DMA_DeInit)
    DMA_FlowControllerConfig                 0x08000aad   Thumb Code    20  stm32f4xx_dma.o(i.DMA_FlowControllerConfig)
    DMA_ITConfig                             0x08000ac1   Thumb Code    44  stm32f4xx_dma.o(i.DMA_ITConfig)
    DMA_Init                                 0x08000aed   Thumb Code    80  stm32f4xx_dma.o(i.DMA_Init)
    DebugMon_Handler                         0x08000b41   Thumb Code     2  stm32fxxx_it.o(i.DebugMon_Handler)
    GPIO_Init                                0x08000c79   Thumb Code   162  stm32f4xx_gpio.o(i.GPIO_Init)
    GPIO_PinAFConfig                         0x08000d1b   Thumb Code    32  stm32f4xx_gpio.o(i.GPIO_PinAFConfig)
    GPIO_ReadInputDataBit                    0x08000d3b   Thumb Code    14  stm32f4xx_gpio.o(i.GPIO_ReadInputDataBit)
    HardFault_Handler                        0x08000d49   Thumb Code     2  stm32fxxx_it.o(i.HardFault_Handler)
    MSC_BOT_CplClrFeature                    0x08000e49   Thumb Code    40  usbd_msc_bot.o(i.MSC_BOT_CplClrFeature)
    MSC_BOT_DataIn                           0x08000e75   Thumb Code    56  usbd_msc_bot.o(i.MSC_BOT_DataIn)
    MSC_BOT_DataOut                          0x08000eb5   Thumb Code    56  usbd_msc_bot.o(i.MSC_BOT_DataOut)
    MSC_BOT_DeInit                           0x08000ef5   Thumb Code     8  usbd_msc_bot.o(i.MSC_BOT_DeInit)
    MSC_BOT_Init                             0x08000f01   Thumb Code    54  usbd_msc_bot.o(i.MSC_BOT_Init)
    MSC_BOT_Reset                            0x08000f45   Thumb Code    20  usbd_msc_bot.o(i.MSC_BOT_Reset)
    MSC_BOT_SendCSW                          0x08000f61   Thumb Code    46  usbd_msc_bot.o(i.MSC_BOT_SendCSW)
    MemManage_Handler                        0x08000f9d   Thumb Code     2  stm32fxxx_it.o(i.MemManage_Handler)
    NMI_Handler                              0x08000f9f   Thumb Code     2  stm32fxxx_it.o(i.NMI_Handler)
    NVIC_Init                                0x08000fa1   Thumb Code    96  misc.o(i.NVIC_Init)
    NVIC_PriorityGroupConfig                 0x08001005   Thumb Code    10  misc.o(i.NVIC_PriorityGroupConfig)
    OTG_FS_IRQHandler                        0x08001019   Thumb Code     6  stm32fxxx_it.o(i.OTG_FS_IRQHandler)
    PendSV_Handler                           0x08001025   Thumb Code     2  stm32fxxx_it.o(i.PendSV_Handler)
    RCC_AHB1PeriphClockCmd                   0x08001029   Thumb Code    18  stm32f4xx_rcc.o(i.RCC_AHB1PeriphClockCmd)
    RCC_AHB2PeriphClockCmd                   0x08001041   Thumb Code    18  stm32f4xx_rcc.o(i.RCC_AHB2PeriphClockCmd)
    RCC_APB2PeriphClockCmd                   0x08001059   Thumb Code    18  stm32f4xx_rcc.o(i.RCC_APB2PeriphClockCmd)
    RCC_APB2PeriphResetCmd                   0x08001071   Thumb Code    18  stm32f4xx_rcc.o(i.RCC_APB2PeriphResetCmd)
    SCSI_ProcessCmd                          0x080010ad   Thumb Code   328  usbd_msc_scsi.o(i.SCSI_ProcessCmd)
    SCSI_SenseCode                           0x08001511   Thumb Code    36  usbd_msc_scsi.o(i.SCSI_SenseCode)
    SDIO_ClearFlag                           0x080016c1   Thumb Code     6  stm32f4xx_sdio.o(i.SDIO_ClearFlag)
    SDIO_ClearITPendingBit                   0x080016cd   Thumb Code     6  stm32f4xx_sdio.o(i.SDIO_ClearITPendingBit)
    SDIO_ClockCmd                            0x080016d9   Thumb Code     8  stm32f4xx_sdio.o(i.SDIO_ClockCmd)
    SDIO_DMACmd                              0x080016e5   Thumb Code     6  stm32f4xx_sdio.o(i.SDIO_DMACmd)
    SDIO_DataConfig                          0x080016f1   Thumb Code    42  stm32f4xx_sdio.o(i.SDIO_DataConfig)
    SDIO_DeInit                              0x08001721   Thumb Code    24  stm32f4xx_sdio.o(i.SDIO_DeInit)
    SDIO_GetCommandResponse                  0x08001739   Thumb Code     8  stm32f4xx_sdio.o(i.SDIO_GetCommandResponse)
    SDIO_GetFlagStatus                       0x08001745   Thumb Code    16  stm32f4xx_sdio.o(i.SDIO_GetFlagStatus)
    SDIO_GetITStatus                         0x08001759   Thumb Code    16  stm32f4xx_sdio.o(i.SDIO_GetITStatus)
    SDIO_GetPowerState                       0x0800176d   Thumb Code    10  stm32f4xx_sdio.o(i.SDIO_GetPowerState)
    SDIO_GetResponse                         0x0800177d   Thumb Code    12  stm32f4xx_sdio.o(i.SDIO_GetResponse)
    SDIO_IRQHandler                          0x0800178d   Thumb Code     4  stm32fxxx_it.o(i.SDIO_IRQHandler)
    SDIO_ITConfig                            0x08001791   Thumb Code    18  stm32f4xx_sdio.o(i.SDIO_ITConfig)
    SDIO_Init                                0x080017a9   Thumb Code    40  stm32f4xx_sdio.o(i.SDIO_Init)
    SDIO_ReadData                            0x080017d5   Thumb Code     6  stm32f4xx_sdio.o(i.SDIO_ReadData)
    SDIO_SendCommand                         0x080017e1   Thumb Code    36  stm32f4xx_sdio.o(i.SDIO_SendCommand)
    SDIO_SetPowerState                       0x08001809   Thumb Code     6  stm32f4xx_sdio.o(i.SDIO_SetPowerState)
    SD_Detect                                0x08001815   Thumb Code    30  stm324xg_eval_sdio_sd.o(i.SD_Detect)
    SD_EnableWideBusOperation                0x08001839   Thumb Code   106  stm324xg_eval_sdio_sd.o(i.SD_EnableWideBusOperation)
    SD_GetCardInfo                           0x080018ad   Thumb Code   604  stm324xg_eval_sdio_sd.o(i.SD_GetCardInfo)
    SD_GetState                              0x08001b11   Thumb Code    34  stm324xg_eval_sdio_sd.o(i.SD_GetState)
    SD_GetStatus                             0x08001b33   Thumb Code    26  stm324xg_eval_sdio_sd.o(i.SD_GetStatus)
    SD_Init                                  0x08001b4d   Thumb Code   122  stm324xg_eval_sdio_sd.o(i.SD_Init)
    SD_InitializeCards                       0x08001bcd   Thumb Code   244  stm324xg_eval_sdio_sd.o(i.SD_InitializeCards)
    SD_LowLevel_DMA_RxConfig                 0x08001cc9   Thumb Code   126  stm324xg_eval.o(i.SD_LowLevel_DMA_RxConfig)
    SD_LowLevel_DMA_TxConfig                 0x08001d51   Thumb Code   128  stm324xg_eval.o(i.SD_LowLevel_DMA_TxConfig)
    SD_LowLevel_Init                         0x08001dd9   Thumb Code   180  stm324xg_eval.o(i.SD_LowLevel_Init)
    SD_PowerON                               0x08001e99   Thumb Code   468  stm324xg_eval_sdio_sd.o(i.SD_PowerON)
    SD_ProcessIRQSrc                         0x0800207d   Thumb Code   140  stm324xg_eval_sdio_sd.o(i.SD_ProcessIRQSrc)
    SD_ReadMultiBlocks                       0x0800210d   Thumb Code   176  stm324xg_eval_sdio_sd.o(i.SD_ReadMultiBlocks)
    SD_SelectDeselect                        0x080021c9   Thumb Code    40  stm324xg_eval_sdio_sd.o(i.SD_SelectDeselect)
    SD_SendStatus                            0x080021f5   Thumb Code    64  stm324xg_eval_sdio_sd.o(i.SD_SendStatus)
    SD_StopTransfer                          0x0800223d   Thumb Code    36  stm324xg_eval_sdio_sd.o(i.SD_StopTransfer)
    SD_WaitReadOperation                     0x08002265   Thumb Code    88  stm324xg_eval_sdio_sd.o(i.SD_WaitReadOperation)
    SD_WaitWriteOperation                    0x080022c5   Thumb Code    88  stm324xg_eval_sdio_sd.o(i.SD_WaitWriteOperation)
    SD_WriteMultiBlocks                      0x08002325   Thumb Code   246  stm324xg_eval_sdio_sd.o(i.SD_WriteMultiBlocks)
    STM_EVAL_LEDInit                         0x08002429   Thumb Code    62  stm324xg_eval.o(i.STM_EVAL_LEDInit)
    STM_EVAL_LEDToggle                       0x08002471   Thumb Code    20  stm324xg_eval.o(i.STM_EVAL_LEDToggle)
    STORAGE_GetCapacity                      0x0800248d   Thumb Code    44  usbd_storage_msd.o(i.STORAGE_GetCapacity)
    STORAGE_GetMaxLun                        0x080024bd   Thumb Code     4  usbd_storage_msd.o(i.STORAGE_GetMaxLun)
    STORAGE_Init                             0x080024c1   Thumb Code    44  usbd_storage_msd.o(i.STORAGE_Init)
    STORAGE_IsReady                          0x080024ed   Thumb Code    36  usbd_storage_msd.o(i.STORAGE_IsReady)
    STORAGE_IsWriteProtected                 0x08002515   Thumb Code     4  usbd_storage_msd.o(i.STORAGE_IsWriteProtected)
    STORAGE_Read                             0x08002519   Thumb Code    38  usbd_storage_msd.o(i.STORAGE_Read)
    STORAGE_Write                            0x08002541   Thumb Code    38  usbd_storage_msd.o(i.STORAGE_Write)
    SVC_Handler                              0x08002567   Thumb Code     2  stm32fxxx_it.o(i.SVC_Handler)
    SysTick_Handler                          0x0800261d   Thumb Code     2  stm32fxxx_it.o(i.SysTick_Handler)
    SystemInit                               0x08002621   Thumb Code    74  system_stm32f4xx.o(i.SystemInit)
    USBD_ClrCfg                              0x0800267d   Thumb Code    14  usbd_core.o(i.USBD_ClrCfg)
    USBD_CtlContinueRx                       0x0800268b   Thumb Code    18  usbd_ioreq.o(i.USBD_CtlContinueRx)
    USBD_CtlContinueSendData                 0x0800269d   Thumb Code    18  usbd_ioreq.o(i.USBD_CtlContinueSendData)
    USBD_CtlError                            0x080026af   Thumb Code    28  usbd_req.o(i.USBD_CtlError)
    USBD_CtlReceiveStatus                    0x080026cb   Thumb Code    34  usbd_ioreq.o(i.USBD_CtlReceiveStatus)
    USBD_CtlSendData                         0x080026ed   Thumb Code    32  usbd_ioreq.o(i.USBD_CtlSendData)
    USBD_CtlSendStatus                       0x0800270d   Thumb Code    34  usbd_ioreq.o(i.USBD_CtlSendStatus)
    USBD_GetRxCount                          0x0800295d   Thumb Code    16  usbd_ioreq.o(i.USBD_GetRxCount)
    USBD_GetString                           0x0800296d   Thumb Code    70  usbd_req.o(i.USBD_GetString)
    USBD_Init                                0x080029b3   Thumb Code    52  usbd_core.o(i.USBD_Init)
    USBD_MSC_DataIn                          0x08002a03   Thumb Code    10  usbd_msc_core.o(i.USBD_MSC_DataIn)
    USBD_MSC_DataOut                         0x08002a0d   Thumb Code    10  usbd_msc_core.o(i.USBD_MSC_DataOut)
    USBD_MSC_DeInit                          0x08002a17   Thumb Code    28  usbd_msc_core.o(i.USBD_MSC_DeInit)
    USBD_MSC_GetCfgDesc                      0x08002a35   Thumb Code     8  usbd_msc_core.o(i.USBD_MSC_GetCfgDesc)
    USBD_MSC_Init                            0x08002a41   Thumb Code    42  usbd_msc_core.o(i.USBD_MSC_Init)
    USBD_MSC_Setup                           0x08002a6d   Thumb Code   178  usbd_msc_core.o(i.USBD_MSC_Setup)
    USBD_OTG_ISR_Handler                     0x08002b29   Thumb Code   370  usb_dcd_int.o(i.USBD_OTG_ISR_Handler)
    USBD_ParseSetupRequest                   0x08002ca1   Thumb Code    68  usbd_req.o(i.USBD_ParseSetupRequest)
    USBD_SetCfg                              0x08002d39   Thumb Code    26  usbd_core.o(i.USBD_SetCfg)
    USBD_StdDevReq                           0x08002e8d   Thumb Code   236  usbd_req.o(i.USBD_StdDevReq)
    USBD_StdEPReq                            0x08002f7d   Thumb Code   208  usbd_req.o(i.USBD_StdEPReq)
    USBD_StdItfReq                           0x08003051   Thumb Code    54  usbd_req.o(i.USBD_StdItfReq)
    USBD_USR_ConfigStrDescriptor             0x080030a5   Thumb Code    16  usbd_desc.o(i.USBD_USR_ConfigStrDescriptor)
    USBD_USR_DeviceConfigured                0x080030c5   Thumb Code     2  usbd_usr.o(i.USBD_USR_DeviceConfigured)
    USBD_USR_DeviceConnected                 0x080030c7   Thumb Code     2  usbd_usr.o(i.USBD_USR_DeviceConnected)
    USBD_USR_DeviceDescriptor                0x080030c9   Thumb Code     8  usbd_desc.o(i.USBD_USR_DeviceDescriptor)
    USBD_USR_DeviceDisconnected              0x080030d5   Thumb Code     2  usbd_usr.o(i.USBD_USR_DeviceDisconnected)
    USBD_USR_DeviceReset                     0x080030d7   Thumb Code     2  usbd_usr.o(i.USBD_USR_DeviceReset)
    USBD_USR_DeviceResumed                   0x080030d9   Thumb Code     2  usbd_usr.o(i.USBD_USR_DeviceResumed)
    USBD_USR_DeviceSuspended                 0x080030db   Thumb Code     2  usbd_usr.o(i.USBD_USR_DeviceSuspended)
    USBD_USR_Init                            0x080030dd   Thumb Code    30  usbd_usr.o(i.USBD_USR_Init)
    USBD_USR_InterfaceStrDescriptor          0x080030fd   Thumb Code    16  usbd_desc.o(i.USBD_USR_InterfaceStrDescriptor)
    USBD_USR_LangIDStrDescriptor             0x08003121   Thumb Code     8  usbd_desc.o(i.USBD_USR_LangIDStrDescriptor)
    USBD_USR_ManufacturerStrDescriptor       0x0800312d   Thumb Code    16  usbd_desc.o(i.USBD_USR_ManufacturerStrDescriptor)
    USBD_USR_ProductStrDescriptor            0x08003155   Thumb Code    24  usbd_desc.o(i.USBD_USR_ProductStrDescriptor)
    USBD_USR_SerialStrDescriptor             0x080031a1   Thumb Code    24  usbd_desc.o(i.USBD_USR_SerialStrDescriptor)
    USB_OTG_BSP_EnableInterrupt              0x080031dd   Thumb Code    40  usb_bsp.o(i.USB_OTG_BSP_EnableInterrupt)
    USB_OTG_BSP_Init                         0x08003205   Thumb Code   142  usb_bsp.o(i.USB_OTG_BSP_Init)
    USB_OTG_BSP_mDelay                       0x08003299   Thumb Code    10  usb_bsp.o(i.USB_OTG_BSP_mDelay)
    USB_OTG_BSP_uDelay                       0x080032a3   Thumb Code    16  usb_bsp.o(i.USB_OTG_BSP_uDelay)
    USB_OTG_CoreInit                         0x080032b3   Thumb Code   128  usb_core.o(i.USB_OTG_CoreInit)
    USB_OTG_CoreInitDev                      0x08003335   Thumb Code   304  usb_core.o(i.USB_OTG_CoreInitDev)
    USB_OTG_DisableGlobalInt                 0x080034bd   Thumb Code    16  usb_core.o(i.USB_OTG_DisableGlobalInt)
    USB_OTG_EP0Activate                      0x080034cd   Thumb Code    58  usb_core.o(i.USB_OTG_EP0Activate)
    USB_OTG_EP0StartXfer                     0x08003509   Thumb Code   182  usb_core.o(i.USB_OTG_EP0StartXfer)
    USB_OTG_EP0_OutStart                     0x080035c1   Thumb Code    32  usb_core.o(i.USB_OTG_EP0_OutStart)
    USB_OTG_EPActivate                       0x080035e5   Thumb Code    82  usb_core.o(i.USB_OTG_EPActivate)
    USB_OTG_EPClearStall                     0x08003637   Thumb Code    50  usb_core.o(i.USB_OTG_EPClearStall)
    USB_OTG_EPDeactivate                     0x08003669   Thumb Code    52  usb_core.o(i.USB_OTG_EPDeactivate)
    USB_OTG_EPSetStall                       0x0800369d   Thumb Code    48  usb_core.o(i.USB_OTG_EPSetStall)
    USB_OTG_EPStartXfer                      0x080036cd   Thumb Code   288  usb_core.o(i.USB_OTG_EPStartXfer)
    USB_OTG_EnableDevInt                     0x080037ed   Thumb Code    74  usb_core.o(i.USB_OTG_EnableDevInt)
    USB_OTG_EnableGlobalInt                  0x0800383d   Thumb Code    16  usb_core.o(i.USB_OTG_EnableGlobalInt)
    USB_OTG_FlushRxFifo                      0x0800384d   Thumb Code    52  usb_core.o(i.USB_OTG_FlushRxFifo)
    USB_OTG_FlushTxFifo                      0x08003885   Thumb Code    60  usb_core.o(i.USB_OTG_FlushTxFifo)
    USB_OTG_GetDeviceSpeed                   0x080038c5   Thumb Code    38  usb_core.o(i.USB_OTG_GetDeviceSpeed)
    USB_OTG_InitDevSpeed                     0x080038eb   Thumb Code    12  usb_core.o(i.USB_OTG_InitDevSpeed)
    USB_OTG_IsDeviceMode                     0x080038f7   Thumb Code    18  usb_core.o(i.USB_OTG_IsDeviceMode)
    USB_OTG_ReadCoreItr                      0x08003909   Thumb Code    10  usb_core.o(i.USB_OTG_ReadCoreItr)
    USB_OTG_ReadDevAllInEPItr                0x08003913   Thumb Code    12  usb_core.o(i.USB_OTG_ReadDevAllInEPItr)
    USB_OTG_ReadDevAllOutEp_itr              0x0800391f   Thumb Code    12  usb_core.o(i.USB_OTG_ReadDevAllOutEp_itr)
    USB_OTG_ReadDevOutEP_itr                 0x0800392b   Thumb Code    16  usb_core.o(i.USB_OTG_ReadDevOutEP_itr)
    USB_OTG_ReadPacket                       0x0800393b   Thumb Code    32  usb_core.o(i.USB_OTG_ReadPacket)
    USB_OTG_SelectCore                       0x0800395d   Thumb Code   188  usb_core.o(i.USB_OTG_SelectCore)
    USB_OTG_SetCurrentMode                   0x08003a1d   Thumb Code    42  usb_core.o(i.USB_OTG_SetCurrentMode)
    USB_OTG_WritePacket                      0x08003a47   Thumb Code    40  usb_core.o(i.USB_OTG_WritePacket)
    UsageFault_Handler                       0x08003a6f   Thumb Code     2  stm32fxxx_it.o(i.UsageFault_Handler)
    __scatterload_copy                       0x08003a71   Thumb Code    14  handlers.o(i.__scatterload_copy)
    __scatterload_null                       0x08003a7f   Thumb Code     2  handlers.o(i.__scatterload_null)
    __scatterload_zeroinit                   0x08003a81   Thumb Code    14  handlers.o(i.__scatterload_zeroinit)
    main                                     0x08003a91   Thumb Code    64  app.o(i.main)
    STORAGE_Inquirydata                      0x08003ae0   Data          36  usbd_storage_msd.o(.constdata)
    MSC_Page00_Inquiry_Data                  0x08003b04   Data           7  usbd_msc_data.o(.constdata)
    MSC_Mode_Sense6_data                     0x08003b0b   Data           8  usbd_msc_data.o(.constdata)
    MSC_Mode_Sense10_data                    0x08003b13   Data           8  usbd_msc_data.o(.constdata)
    COM_TX_PIN                               0x08003b1c   Data           2  stm324xg_eval.o(.constdata)
    COM_RX_PIN                               0x08003b1e   Data           2  stm324xg_eval.o(.constdata)
    COM_TX_PIN_SOURCE                        0x08003b20   Data           2  stm324xg_eval.o(.constdata)
    COM_RX_PIN_SOURCE                        0x08003b22   Data           2  stm324xg_eval.o(.constdata)
    COM_TX_AF                                0x08003b24   Data           2  stm324xg_eval.o(.constdata)
    COM_RX_AF                                0x08003b26   Data           2  stm324xg_eval.o(.constdata)
    COM_USART_CLK                            0x08003b28   Data           4  stm324xg_eval.o(.constdata)
    COM_TX_PORT_CLK                          0x08003b2c   Data           4  stm324xg_eval.o(.constdata)
    COM_RX_PORT_CLK                          0x08003b30   Data           4  stm324xg_eval.o(.constdata)
    BUTTON_PIN                               0x08003b34   Data           6  stm324xg_eval.o(.constdata)
    BUTTON_EXTI_LINE                         0x08003b3a   Data           6  stm324xg_eval.o(.constdata)
    BUTTON_PORT_SOURCE                       0x08003b40   Data           6  stm324xg_eval.o(.constdata)
    BUTTON_PIN_SOURCE                        0x08003b46   Data           6  stm324xg_eval.o(.constdata)
    BUTTON_IRQn                              0x08003b4c   Data           6  stm324xg_eval.o(.constdata)
    GPIO_PIN                                 0x08003b52   Data           8  stm324xg_eval.o(.constdata)
    GPIO_CLK                                 0x08003b5c   Data          16  stm324xg_eval.o(.constdata)
    BUTTON_CLK                               0x08003b6c   Data          12  stm324xg_eval.o(.constdata)
    Region$$Table$$Base                      0x08003b78   Number         0  anon$$obj.o(Region$$Table)
    Region$$Table$$Limit                     0x08003b98   Number         0  anon$$obj.o(Region$$Table)
    USR_cb                                   0x20000000   Data          28  usbd_usr.o(.data)
    USBD_MICRO_SDIO_fops                     0x2000001c   Data          32  usbd_storage_msd.o(.data)
    USBD_STORAGE_fops                        0x2000003c   Data           4  usbd_storage_msd.o(.data)
    USR_desc                                 0x20000044   Data          28  usbd_desc.o(.data)
    USBD_LangIDDesc                          0x20000060   Data           4  usbd_desc.o(.data)
    USBD_DeviceDesc                          0x20000064   Data          18  usbd_desc.o(.data)
    USBD_ep_status                           0x2000007c   Data           4  usbd_req.o(.data)
    USBD_default_cfg                         0x20000080   Data           4  usbd_req.o(.data)
    USBD_cfg_status                          0x20000084   Data           4  usbd_req.o(.data)
    USBD_DCD_INT_cb                          0x20000088   Data          44  usbd_core.o(.data)
    USBD_DCD_INT_fops                        0x200000b4   Data           4  usbd_core.o(.data)
    SET_TEST_MODE                            0x200000b8   Data           4  usbd_core.o(.data)
    SCSI_Sense_Head                          0x200000bc   Data           1  usbd_msc_scsi.o(.data)
    SCSI_Sense_Tail                          0x200000bd   Data           1  usbd_msc_scsi.o(.data)
    SCSI_blk_size                            0x200000c0   Data           4  usbd_msc_scsi.o(.data)
    SCSI_blk_nbr                             0x200000c4   Data           4  usbd_msc_scsi.o(.data)
    SCSI_blk_addr                            0x200000c8   Data           4  usbd_msc_scsi.o(.data)
    SCSI_blk_len                             0x200000cc   Data           4  usbd_msc_scsi.o(.data)
    cdev                                     0x200000d0   Data           4  usbd_msc_scsi.o(.data)
    MSC_BOT_State                            0x200000d4   Data           1  usbd_msc_bot.o(.data)
    MSC_BOT_Status                           0x200000d5   Data           1  usbd_msc_bot.o(.data)
    MSC_BOT_DataLen                          0x200000d6   Data           2  usbd_msc_bot.o(.data)
    USBD_MSC_cb                              0x200000d8   Data          44  usbd_msc_core.o(.data)
    USBD_MSC_CfgDesc                         0x20000106   Data          32  usbd_msc_core.o(.data)
    TransferError                            0x20000128   Data           1  stm324xg_eval_sdio_sd.o(.data)
    StopCondition                            0x20000134   Data           4  stm324xg_eval_sdio_sd.o(.data)
    TransferEnd                              0x20000138   Data           4  stm324xg_eval_sdio_sd.o(.data)
    DMAEndOfTransfer                         0x2000013c   Data           4  stm324xg_eval_sdio_sd.o(.data)
    COM_USART                                0x20000140   Data           4  stm324xg_eval.o(.data)
    COM_TX_PORT                              0x20000144   Data           4  stm324xg_eval.o(.data)
    COM_RX_PORT                              0x20000148   Data           4  stm324xg_eval.o(.data)
    NVIC_InitStructure                       0x2000014c   Data           4  stm324xg_eval.o(.data)
    GPIO_PORT                                0x20000150   Data          16  stm324xg_eval.o(.data)
    BUTTON_PORT                              0x20000160   Data          12  stm324xg_eval.o(.data)
    USB_OTG_dev                              0x2000016c   Data        1524  app.o(.bss)
    USBD_StrDesc                             0x20000760   Data          64  usbd_req.o(.bss)
    SCSI_Sense                               0x200007a0   Data          32  usbd_msc_scsi.o(.bss)
    MSC_BOT_Data                             0x200007c0   Data        4096  usbd_msc_bot.o(.bss)
    MSC_BOT_cbw                              0x200017c0   Data          32  usbd_msc_bot.o(.bss)
    MSC_BOT_csw                              0x200017e0   Data          16  usbd_msc_bot.o(.bss)
    SDCardInfo                               0x20001820   Data          88  stm324xg_eval_sdio_sd.o(.bss)
    SDIO_InitStructure                       0x20001878   Data          24  stm324xg_eval_sdio_sd.o(.bss)
    SDIO_CmdInitStructure                    0x20001890   Data          20  stm324xg_eval_sdio_sd.o(.bss)
    SDIO_DataInitStructure                   0x200018a4   Data          24  stm324xg_eval_sdio_sd.o(.bss)
    __initial_sp                             0x20001cc0   Data           0  startup_stm32f4xx.o(STACK)



==============================================================================

Memory Map of the image

  Image Entry point : 0x08000189

  Load Region LR_IROM1 (Base: 0x08000000, Size: 0x00003d04, Max: 0x00100000, ABSOLUTE, COMPRESSED[0x00003c74])

    Execution Region ER_IROM1 (Base: 0x08000000, Size: 0x00003b98, Max: 0x00100000, ABSOLUTE)

    Base Addr    Size         Type   Attr      Idx    E Section Name        Object

    0x08000000   0x00000188   Data   RO         1472    RESET               startup_stm32f4xx.o
    0x08000188   0x00000000   Code   RO         3879  * .ARM.Collect$$$$00000000  mc_w.l(entry.o)
    0x08000188   0x00000004   Code   RO         3890    .ARM.Collect$$$$00000001  mc_w.l(entry2.o)
    0x0800018c   0x00000004   Code   RO         3893    .ARM.Collect$$$$00000004  mc_w.l(entry5.o)
    0x08000190   0x00000000   Code   RO         3895    .ARM.Collect$$$$00000008  mc_w.l(entry7b.o)
    0x08000190   0x00000000   Code   RO         3897    .ARM.Collect$$$$0000000A  mc_w.l(entry8b.o)
    0x08000190   0x00000008   Code   RO         3898    .ARM.Collect$$$$0000000B  mc_w.l(entry9a.o)
    0x08000198   0x00000000   Code   RO         3900    .ARM.Collect$$$$0000000D  mc_w.l(entry10a.o)
    0x08000198   0x00000000   Code   RO         3902    .ARM.Collect$$$$0000000F  mc_w.l(entry11a.o)
    0x08000198   0x00000004   Code   RO         3891    .ARM.Collect$$$$00002712  mc_w.l(entry2.o)
    0x0800019c   0x00000024   Code   RO         1473    .text               startup_stm32f4xx.o
    0x080001c0   0x00000024   Code   RO         3907    .text               mc_w.l(init.o)
    0x080001e4   0x00000056   Code   RO         3921    .text               mc_w.l(__dczerorl2.o)
    0x0800023a   0x00000002   Code   RO          191    i.BusFault_Handler  stm32fxxx_it.o
    0x0800023c   0x000000e8   Code   RO         3300    i.CmdResp1Error     stm324xg_eval_sdio_sd.o
    0x08000324   0x00000034   Code   RO         3301    i.CmdResp2Error     stm324xg_eval_sdio_sd.o
    0x08000358   0x00000070   Code   RO         3302    i.CmdResp6Error     stm324xg_eval_sdio_sd.o
    0x080003c8   0x0000002c   Code   RO          847    i.DCD_EP_Close      usb_dcd.o
    0x080003f4   0x00000038   Code   RO          848    i.DCD_EP_ClrStall   usb_dcd.o
    0x0800042c   0x00000018   Code   RO          849    i.DCD_EP_Flush      usb_dcd.o
    0x08000444   0x0000003c   Code   RO          850    i.DCD_EP_Open       usb_dcd.o
    0x08000480   0x00000044   Code   RO          851    i.DCD_EP_PrepareRx  usb_dcd.o
    0x080004c4   0x00000010   Code   RO          852    i.DCD_EP_SetAddress  usb_dcd.o
    0x080004d4   0x00000038   Code   RO          853    i.DCD_EP_Stall      usb_dcd.o
    0x0800050c   0x0000003e   Code   RO          854    i.DCD_EP_Tx         usb_dcd.o
    0x0800054a   0x00000002   PAD
    0x0800054c   0x000000cc   Code   RO          569    i.DCD_HandleInEP_ISR  usb_dcd_int.o
    0x08000618   0x000000ac   Code   RO          570    i.DCD_HandleOutEP_ISR  usb_dcd_int.o
    0x080006c4   0x0000007c   Code   RO          571    i.DCD_HandleRxStatusQueueLevel_ISR  usb_dcd_int.o
    0x08000740   0x00000070   Code   RO          572    i.DCD_HandleUSBSuspend_ISR  usb_dcd_int.o
    0x080007b0   0x00000084   Code   RO          573    i.DCD_HandleUsbReset_ISR  usb_dcd_int.o
    0x08000834   0x00000094   Code   RO          856    i.DCD_Init          usb_dcd.o
    0x080008c8   0x0000007e   Code   RO          574    i.DCD_WriteEmptyTxFifo  usb_dcd_int.o
    0x08000946   0x00000002   PAD
    0x08000948   0x0000002c   Code   RO         1704    i.DMA_ClearFlag     stm32f4xx_dma.o
    0x08000974   0x00000014   Code   RO         1706    i.DMA_Cmd           stm32f4xx_dma.o
    0x08000988   0x00000124   Code   RO         1707    i.DMA_DeInit        stm32f4xx_dma.o
    0x08000aac   0x00000014   Code   RO         1710    i.DMA_FlowControllerConfig  stm32f4xx_dma.o
    0x08000ac0   0x0000002c   Code   RO         1717    i.DMA_ITConfig      stm32f4xx_dma.o
    0x08000aec   0x00000054   Code   RO         1718    i.DMA_Init          stm32f4xx_dma.o
    0x08000b40   0x00000002   Code   RO          192    i.DebugMon_Handler  stm32fxxx_it.o
    0x08000b42   0x00000002   PAD
    0x08000b44   0x00000134   Code   RO         3303    i.FindSCR           stm324xg_eval_sdio_sd.o
    0x08000c78   0x000000a2   Code   RO         2217    i.GPIO_Init         stm32f4xx_gpio.o
    0x08000d1a   0x00000020   Code   RO         2218    i.GPIO_PinAFConfig  stm32f4xx_gpio.o
    0x08000d3a   0x0000000e   Code   RO         2221    i.GPIO_ReadInputDataBit  stm32f4xx_gpio.o
    0x08000d48   0x00000002   Code   RO          193    i.HardFault_Handler  stm32fxxx_it.o
    0x08000d4a   0x00000002   PAD
    0x08000d4c   0x00000044   Code   RO         1253    i.MSC_BOT_Abort     usbd_msc_bot.o
    0x08000d90   0x000000b8   Code   RO         1254    i.MSC_BOT_CBW_Decode  usbd_msc_bot.o
    0x08000e48   0x0000002c   Code   RO         1255    i.MSC_BOT_CplClrFeature  usbd_msc_bot.o
    0x08000e74   0x00000040   Code   RO         1256    i.MSC_BOT_DataIn    usbd_msc_bot.o
    0x08000eb4   0x00000040   Code   RO         1257    i.MSC_BOT_DataOut   usbd_msc_bot.o
    0x08000ef4   0x0000000c   Code   RO         1258    i.MSC_BOT_DeInit    usbd_msc_bot.o
    0x08000f00   0x00000044   Code   RO         1259    i.MSC_BOT_Init      usbd_msc_bot.o
    0x08000f44   0x0000001c   Code   RO         1260    i.MSC_BOT_Reset     usbd_msc_bot.o
    0x08000f60   0x0000003c   Code   RO         1261    i.MSC_BOT_SendCSW   usbd_msc_bot.o
    0x08000f9c   0x00000002   Code   RO          194    i.MemManage_Handler  stm32fxxx_it.o
    0x08000f9e   0x00000002   Code   RO          195    i.NMI_Handler       stm32fxxx_it.o
    0x08000fa0   0x00000064   Code   RO          525    i.NVIC_Init         misc.o
    0x08001004   0x00000014   Code   RO          526    i.NVIC_PriorityGroupConfig  misc.o
    0x08001018   0x0000000c   Code   RO          196    i.OTG_FS_IRQHandler  stm32fxxx_it.o
    0x08001024   0x00000002   Code   RO          197    i.PendSV_Handler    stm32fxxx_it.o
    0x08001026   0x00000002   PAD
    0x08001028   0x00000018   Code   RO         2612    i.RCC_AHB1PeriphClockCmd  stm32f4xx_rcc.o
    0x08001040   0x00000018   Code   RO         2615    i.RCC_AHB2PeriphClockCmd  stm32f4xx_rcc.o
    0x08001058   0x00000018   Code   RO         2624    i.RCC_APB2PeriphClockCmd  stm32f4xx_rcc.o
    0x08001070   0x00000018   Code   RO         2626    i.RCC_APB2PeriphResetCmd  stm32f4xx_rcc.o
    0x08001088   0x00000024   Code   RO         1167    i.SCSI_CheckAddressRange  usbd_msc_scsi.o
    0x080010ac   0x00000168   Code   RO         1168    i.SCSI_ProcessCmd   usbd_msc_scsi.o
    0x08001214   0x00000088   Code   RO         1169    i.SCSI_ProcessRead  usbd_msc_scsi.o
    0x0800129c   0x00000090   Code   RO         1170    i.SCSI_ProcessWrite  usbd_msc_scsi.o
    0x0800132c   0x000000a4   Code   RO         1171    i.SCSI_Read10       usbd_msc_scsi.o
    0x080013d0   0x00000068   Code   RO         1172    i.SCSI_ReadCapacity10  usbd_msc_scsi.o
    0x08001438   0x00000070   Code   RO         1173    i.SCSI_ReadFormatCapacity  usbd_msc_scsi.o
    0x080014a8   0x00000068   Code   RO         1174    i.SCSI_RequestSense  usbd_msc_scsi.o
    0x08001510   0x0000002c   Code   RO         1175    i.SCSI_SenseCode    usbd_msc_scsi.o
    0x0800153c   0x000000c4   Code   RO         1176    i.SCSI_Write10      usbd_msc_scsi.o
    0x08001600   0x000000c0   Code   RO         3305    i.SDEnWideBus       stm324xg_eval_sdio_sd.o
    0x080016c0   0x0000000c   Code   RO         2893    i.SDIO_ClearFlag    stm32f4xx_sdio.o
    0x080016cc   0x0000000c   Code   RO         2894    i.SDIO_ClearITPendingBit  stm32f4xx_sdio.o
    0x080016d8   0x0000000c   Code   RO         2895    i.SDIO_ClockCmd     stm32f4xx_sdio.o
    0x080016e4   0x0000000c   Code   RO         2898    i.SDIO_DMACmd       stm32f4xx_sdio.o
    0x080016f0   0x00000030   Code   RO         2899    i.SDIO_DataConfig   stm32f4xx_sdio.o
    0x08001720   0x00000018   Code   RO         2901    i.SDIO_DeInit       stm32f4xx_sdio.o
    0x08001738   0x0000000c   Code   RO         2902    i.SDIO_GetCommandResponse  stm32f4xx_sdio.o
    0x08001744   0x00000014   Code   RO         2905    i.SDIO_GetFlagStatus  stm32f4xx_sdio.o
    0x08001758   0x00000014   Code   RO         2906    i.SDIO_GetITStatus  stm32f4xx_sdio.o
    0x0800176c   0x00000010   Code   RO         2907    i.SDIO_GetPowerState  stm32f4xx_sdio.o
    0x0800177c   0x00000010   Code   RO         2908    i.SDIO_GetResponse  stm32f4xx_sdio.o
    0x0800178c   0x00000004   Code   RO          198    i.SDIO_IRQHandler   stm32fxxx_it.o
    0x08001790   0x00000018   Code   RO         2909    i.SDIO_ITConfig     stm32f4xx_sdio.o
    0x080017a8   0x0000002c   Code   RO         2910    i.SDIO_Init         stm32f4xx_sdio.o
    0x080017d4   0x0000000c   Code   RO         2911    i.SDIO_ReadData     stm32f4xx_sdio.o
    0x080017e0   0x00000028   Code   RO         2913    i.SDIO_SendCommand  stm32f4xx_sdio.o
    0x08001808   0x0000000c   Code   RO         2915    i.SDIO_SetPowerState  stm32f4xx_sdio.o
    0x08001814   0x00000024   Code   RO         3307    i.SD_Detect         stm324xg_eval_sdio_sd.o
    0x08001838   0x00000074   Code   RO         3308    i.SD_EnableWideBusOperation  stm324xg_eval_sdio_sd.o
    0x080018ac   0x00000264   Code   RO         3310    i.SD_GetCardInfo    stm324xg_eval_sdio_sd.o
    0x08001b10   0x00000022   Code   RO         3312    i.SD_GetState       stm324xg_eval_sdio_sd.o
    0x08001b32   0x0000001a   Code   RO         3313    i.SD_GetStatus      stm324xg_eval_sdio_sd.o
    0x08001b4c   0x00000080   Code   RO         3315    i.SD_Init           stm324xg_eval_sdio_sd.o
    0x08001bcc   0x000000fc   Code   RO         3316    i.SD_InitializeCards  stm324xg_eval_sdio_sd.o
    0x08001cc8   0x00000088   Code   RO         3503    i.SD_LowLevel_DMA_RxConfig  stm324xg_eval.o
    0x08001d50   0x00000088   Code   RO         3504    i.SD_LowLevel_DMA_TxConfig  stm324xg_eval.o
    0x08001dd8   0x000000c0   Code   RO         3506    i.SD_LowLevel_Init  stm324xg_eval.o
    0x08001e98   0x000001e4   Code   RO         3318    i.SD_PowerON        stm324xg_eval_sdio_sd.o
    0x0800207c   0x00000090   Code   RO         3320    i.SD_ProcessIRQSrc  stm324xg_eval_sdio_sd.o
    0x0800210c   0x000000bc   Code   RO         3322    i.SD_ReadMultiBlocks  stm324xg_eval_sdio_sd.o
    0x080021c8   0x0000002c   Code   RO         3323    i.SD_SelectDeselect  stm324xg_eval_sdio_sd.o
    0x080021f4   0x00000048   Code   RO         3325    i.SD_SendStatus     stm324xg_eval_sdio_sd.o
    0x0800223c   0x00000028   Code   RO         3326    i.SD_StopTransfer   stm324xg_eval_sdio_sd.o
    0x08002264   0x00000060   Code   RO         3327    i.SD_WaitReadOperation  stm324xg_eval_sdio_sd.o
    0x080022c4   0x00000060   Code   RO         3328    i.SD_WaitWriteOperation  stm324xg_eval_sdio_sd.o
    0x08002324   0x00000104   Code   RO         3330    i.SD_WriteMultiBlocks  stm324xg_eval_sdio_sd.o
    0x08002428   0x00000048   Code   RO         3508    i.STM_EVAL_LEDInit  stm324xg_eval.o
    0x08002470   0x0000001c   Code   RO         3511    i.STM_EVAL_LEDToggle  stm324xg_eval.o
    0x0800248c   0x00000030   Code   RO          390    i.STORAGE_GetCapacity  usbd_storage_msd.o
    0x080024bc   0x00000004   Code   RO          391    i.STORAGE_GetMaxLun  usbd_storage_msd.o
    0x080024c0   0x0000002c   Code   RO          392    i.STORAGE_Init      usbd_storage_msd.o
    0x080024ec   0x00000028   Code   RO          393    i.STORAGE_IsReady   usbd_storage_msd.o
    0x08002514   0x00000004   Code   RO          394    i.STORAGE_IsWriteProtected  usbd_storage_msd.o
    0x08002518   0x00000026   Code   RO          395    i.STORAGE_Read      usbd_storage_msd.o
    0x0800253e   0x00000002   PAD
    0x08002540   0x00000026   Code   RO          396    i.STORAGE_Write     usbd_storage_msd.o
    0x08002566   0x00000002   Code   RO          199    i.SVC_Handler       stm32fxxx_it.o
    0x08002568   0x000000b4   Code   RO         1479    i.SetSysClock       system_stm32f4xx.o
    0x0800261c   0x00000002   Code   RO          200    i.SysTick_Handler   stm32fxxx_it.o
    0x0800261e   0x00000002   PAD
    0x08002620   0x0000005c   Code   RO         1481    i.SystemInit        system_stm32f4xx.o
    0x0800267c   0x0000000e   Code   RO         1010    i.USBD_ClrCfg       usbd_core.o
    0x0800268a   0x00000012   Code   RO         1111    i.USBD_CtlContinueRx  usbd_ioreq.o
    0x0800269c   0x00000012   Code   RO         1112    i.USBD_CtlContinueSendData  usbd_ioreq.o
    0x080026ae   0x0000001c   Code   RO          937    i.USBD_CtlError     usbd_req.o
    0x080026ca   0x00000022   Code   RO         1114    i.USBD_CtlReceiveStatus  usbd_ioreq.o
    0x080026ec   0x00000020   Code   RO         1115    i.USBD_CtlSendData  usbd_ioreq.o
    0x0800270c   0x00000022   Code   RO         1116    i.USBD_CtlSendStatus  usbd_ioreq.o
    0x0800272e   0x00000002   PAD
    0x08002730   0x000000b0   Code   RO         1011    i.USBD_DataInStage  usbd_core.o
    0x080027e0   0x00000078   Code   RO         1012    i.USBD_DataOutStage  usbd_core.o
    0x08002858   0x00000016   Code   RO         1014    i.USBD_DevConnected  usbd_core.o
    0x0800286e   0x00000020   Code   RO         1015    i.USBD_DevDisconnected  usbd_core.o
    0x0800288e   0x000000ce   Code   RO          938    i.USBD_GetDescriptor  usbd_req.o
    0x0800295c   0x00000010   Code   RO         1117    i.USBD_GetRxCount   usbd_ioreq.o
    0x0800296c   0x00000046   Code   RO          939    i.USBD_GetString    usbd_req.o
    0x080029b2   0x00000034   Code   RO         1016    i.USBD_Init         usbd_core.o
    0x080029e6   0x0000000e   Code   RO         1017    i.USBD_IsoINIncomplete  usbd_core.o
    0x080029f4   0x0000000e   Code   RO         1018    i.USBD_IsoOUTIncomplete  usbd_core.o
    0x08002a02   0x0000000a   Code   RO         1331    i.USBD_MSC_DataIn   usbd_msc_core.o
    0x08002a0c   0x0000000a   Code   RO         1332    i.USBD_MSC_DataOut  usbd_msc_core.o
    0x08002a16   0x0000001c   Code   RO         1333    i.USBD_MSC_DeInit   usbd_msc_core.o
    0x08002a32   0x00000002   PAD
    0x08002a34   0x0000000c   Code   RO         1334    i.USBD_MSC_GetCfgDesc  usbd_msc_core.o
    0x08002a40   0x0000002a   Code   RO         1335    i.USBD_MSC_Init     usbd_msc_core.o
    0x08002a6a   0x00000002   PAD
    0x08002a6c   0x000000bc   Code   RO         1336    i.USBD_MSC_Setup    usbd_msc_core.o
    0x08002b28   0x00000178   Code   RO          575    i.USBD_OTG_ISR_Handler  usb_dcd_int.o
    0x08002ca0   0x00000044   Code   RO          940    i.USBD_ParseSetupRequest  usbd_req.o
    0x08002ce4   0x0000002e   Code   RO         1019    i.USBD_Reset        usbd_core.o
    0x08002d12   0x00000016   Code   RO         1020    i.USBD_Resume       usbd_core.o
    0x08002d28   0x00000010   Code   RO         1021    i.USBD_SOF          usbd_core.o
    0x08002d38   0x0000001a   Code   RO         1022    i.USBD_SetCfg       usbd_core.o
    0x08002d52   0x00000002   PAD
    0x08002d54   0x00000074   Code   RO          941    i.USBD_SetConfig    usbd_req.o
    0x08002dc8   0x0000007c   Code   RO          942    i.USBD_SetFeature   usbd_req.o
    0x08002e44   0x00000048   Code   RO         1023    i.USBD_SetupStage   usbd_core.o
    0x08002e8c   0x000000f0   Code   RO          943    i.USBD_StdDevReq    usbd_req.o
    0x08002f7c   0x000000d4   Code   RO          944    i.USBD_StdEPReq     usbd_req.o
    0x08003050   0x00000036   Code   RO          945    i.USBD_StdItfReq    usbd_req.o
    0x08003086   0x0000001c   Code   RO         1024    i.USBD_Suspend      usbd_core.o
    0x080030a2   0x00000002   PAD
    0x080030a4   0x00000020   Code   RO          457    i.USBD_USR_ConfigStrDescriptor  usbd_desc.o
    0x080030c4   0x00000002   Code   RO          327    i.USBD_USR_DeviceConfigured  usbd_usr.o
    0x080030c6   0x00000002   Code   RO          328    i.USBD_USR_DeviceConnected  usbd_usr.o
    0x080030c8   0x0000000c   Code   RO          458    i.USBD_USR_DeviceDescriptor  usbd_desc.o
    0x080030d4   0x00000002   Code   RO          329    i.USBD_USR_DeviceDisconnected  usbd_usr.o
    0x080030d6   0x00000002   Code   RO          330    i.USBD_USR_DeviceReset  usbd_usr.o
    0x080030d8   0x00000002   Code   RO          331    i.USBD_USR_DeviceResumed  usbd_usr.o
    0x080030da   0x00000002   Code   RO          332    i.USBD_USR_DeviceSuspended  usbd_usr.o
    0x080030dc   0x0000001e   Code   RO          333    i.USBD_USR_Init     usbd_usr.o
    0x080030fa   0x00000002   PAD
    0x080030fc   0x00000024   Code   RO          459    i.USBD_USR_InterfaceStrDescriptor  usbd_desc.o
    0x08003120   0x0000000c   Code   RO          460    i.USBD_USR_LangIDStrDescriptor  usbd_desc.o
    0x0800312c   0x00000028   Code   RO          461    i.USBD_USR_ManufacturerStrDescriptor  usbd_desc.o
    0x08003154   0x0000004c   Code   RO          462    i.USBD_USR_ProductStrDescriptor  usbd_desc.o
    0x080031a0   0x0000003c   Code   RO          463    i.USBD_USR_SerialStrDescriptor  usbd_desc.o
    0x080031dc   0x00000028   Code   RO          286    i.USB_OTG_BSP_EnableInterrupt  usb_bsp.o
    0x08003204   0x00000094   Code   RO          287    i.USB_OTG_BSP_Init  usb_bsp.o
    0x08003298   0x0000000a   Code   RO          288    i.USB_OTG_BSP_mDelay  usb_bsp.o
    0x080032a2   0x00000010   Code   RO          289    i.USB_OTG_BSP_uDelay  usb_bsp.o
    0x080032b2   0x00000080   Code   RO          624    i.USB_OTG_CoreInit  usb_core.o
    0x08003332   0x00000002   PAD
    0x08003334   0x00000130   Code   RO          625    i.USB_OTG_CoreInitDev  usb_core.o
    0x08003464   0x00000058   Code   RO          626    i.USB_OTG_CoreReset  usb_core.o
    0x080034bc   0x00000010   Code   RO          627    i.USB_OTG_DisableGlobalInt  usb_core.o
    0x080034cc   0x0000003a   Code   RO          628    i.USB_OTG_EP0Activate  usb_core.o
    0x08003506   0x00000002   PAD
    0x08003508   0x000000b6   Code   RO          629    i.USB_OTG_EP0StartXfer  usb_core.o
    0x080035be   0x00000002   PAD
    0x080035c0   0x00000024   Code   RO          630    i.USB_OTG_EP0_OutStart  usb_core.o
    0x080035e4   0x00000052   Code   RO          631    i.USB_OTG_EPActivate  usb_core.o
    0x08003636   0x00000032   Code   RO          632    i.USB_OTG_EPClearStall  usb_core.o
    0x08003668   0x00000034   Code   RO          633    i.USB_OTG_EPDeactivate  usb_core.o
    0x0800369c   0x00000030   Code   RO          634    i.USB_OTG_EPSetStall  usb_core.o
    0x080036cc   0x00000120   Code   RO          635    i.USB_OTG_EPStartXfer  usb_core.o
    0x080037ec   0x00000050   Code   RO          636    i.USB_OTG_EnableDevInt  usb_core.o
    0x0800383c   0x00000010   Code   RO          637    i.USB_OTG_EnableGlobalInt  usb_core.o
    0x0800384c   0x00000038   Code   RO          638    i.USB_OTG_FlushRxFifo  usb_core.o
    0x08003884   0x00000040   Code   RO          639    i.USB_OTG_FlushTxFifo  usb_core.o
    0x080038c4   0x00000026   Code   RO          640    i.USB_OTG_GetDeviceSpeed  usb_core.o
    0x080038ea   0x0000000c   Code   RO          643    i.USB_OTG_InitDevSpeed  usb_core.o
    0x080038f6   0x00000012   Code   RO          644    i.USB_OTG_IsDeviceMode  usb_core.o
    0x08003908   0x0000000a   Code   RO          646    i.USB_OTG_ReadCoreItr  usb_core.o
    0x08003912   0x0000000c   Code   RO          647    i.USB_OTG_ReadDevAllInEPItr  usb_core.o
    0x0800391e   0x0000000c   Code   RO          648    i.USB_OTG_ReadDevAllOutEp_itr  usb_core.o
    0x0800392a   0x00000010   Code   RO          649    i.USB_OTG_ReadDevOutEP_itr  usb_core.o
    0x0800393a   0x00000020   Code   RO          651    i.USB_OTG_ReadPacket  usb_core.o
    0x0800395a   0x00000002   PAD
    0x0800395c   0x000000c0   Code   RO          652    i.USB_OTG_SelectCore  usb_core.o
    0x08003a1c   0x0000002a   Code   RO          653    i.USB_OTG_SetCurrentMode  usb_core.o
    0x08003a46   0x00000028   Code   RO          657    i.USB_OTG_WritePacket  usb_core.o
    0x08003a6e   0x00000002   Code   RO          201    i.UsageFault_Handler  stm32fxxx_it.o
    0x08003a70   0x0000000e   Code   RO         3915    i.__scatterload_copy  mc_w.l(handlers.o)
    0x08003a7e   0x00000002   Code   RO         3916    i.__scatterload_null  mc_w.l(handlers.o)
    0x08003a80   0x0000000e   Code   RO         3917    i.__scatterload_zeroinit  mc_w.l(handlers.o)
    0x08003a8e   0x00000002   PAD
    0x08003a90   0x00000050   Code   RO            3    i.main              app.o
    0x08003ae0   0x00000024   Data   RO          397    .constdata          usbd_storage_msd.o
    0x08003b04   0x00000007   Data   RO         1388    .constdata          usbd_msc_data.o
    0x08003b0b   0x00000008   Data   RO         1389    .constdata          usbd_msc_data.o
    0x08003b13   0x00000008   Data   RO         1390    .constdata          usbd_msc_data.o
    0x08003b1b   0x00000001   PAD
    0x08003b1c   0x0000005c   Data   RO         3518    .constdata          stm324xg_eval.o
    0x08003b78   0x00000020   Data   RO         3913    Region$$Table       anon$$obj.o


    Execution Region RW_IRAM1 (Base: 0x20000000, Size: 0x00001cc0, Max: 0x00020000, ABSOLUTE, COMPRESSED[0x000000dc])

    Base Addr    Size         Type   Attr      Idx    E Section Name        Object

    0x20000000   0x0000001c   Data   RW          334    .data               usbd_usr.o
    0x2000001c   0x00000020   Data   RW          398    .data               usbd_storage_msd.o
    0x2000003c   0x00000004   Data   RW          399    .data               usbd_storage_msd.o
    0x20000040   0x00000001   Data   RW          401    .data               usbd_storage_msd.o
    0x20000041   0x00000003   PAD
    0x20000044   0x0000001c   Data   RW          464    .data               usbd_desc.o
    0x20000060   0x00000016   Data   RW          465    .data               usbd_desc.o
    0x20000076   0x00000002   PAD
    0x20000078   0x00000010   Data   RW          947    .data               usbd_req.o
    0x20000088   0x0000002c   Data   RW         1025    .data               usbd_core.o
    0x200000b4   0x00000004   Data   RW         1026    .data               usbd_core.o
    0x200000b8   0x00000004   Data   RW         1027    .data               usbd_core.o
    0x200000bc   0x00000018   Data   RW         1178    .data               usbd_msc_scsi.o
    0x200000d4   0x00000004   Data   RW         1263    .data               usbd_msc_bot.o
    0x200000d8   0x0000002c   Data   RW         1337    .data               usbd_msc_core.o
    0x20000104   0x00000022   Data   RW         1338    .data               usbd_msc_core.o
    0x20000126   0x00000002   PAD
    0x20000128   0x00000018   Data   RW         3333    .data               stm324xg_eval_sdio_sd.o
    0x20000140   0x0000002c   Data   RW         3519    .data               stm324xg_eval.o
    0x2000016c   0x000005f4   Zero   RW            4    .bss                app.o
    0x20000760   0x00000040   Zero   RW          946    .bss                usbd_req.o
    0x200007a0   0x00000020   Zero   RW         1177    .bss                usbd_msc_scsi.o
    0x200007c0   0x00001030   Zero   RW         1262    .bss                usbd_msc_bot.o
    0x200017f0   0x000000cc   Zero   RW         3332    .bss                stm324xg_eval_sdio_sd.o
    0x200018bc   0x00000004   PAD
    0x200018c0   0x00000400   Zero   RW         1470    STACK               startup_stm32f4xx.o


==============================================================================

Image component sizes


      Code (inc. data)   RO Data    RW Data    ZI Data      Debug   Object Name

        80         16          0          0       1524     280505   app.o
       120         14          0          0          0       1899   misc.o
        36          8        392          0       1024        996   startup_stm32f4xx.o
       564         48         92         44          0       5937   stm324xg_eval.o
      3524        158          0         24        204      23493   stm324xg_eval_sdio_sd.o
       504         36          0          0          0       6036   stm32f4xx_dma.o
       208          0          0          0          0       2979   stm32f4xx_gpio.o
        96         24          0          0          0       2836   stm32f4xx_rcc.o
       336         76          0          0          0      12614   stm32f4xx_sdio.o
        34          6          0          0          0       5632   stm32fxxx_it.o
       272         36          0          0          0       1725   system_stm32f4xx.o
       214          6          0          0          0       2803   usb_bsp.o
      1972         26          0          0          0      23102   usb_core.o
       534          0          0          0          0       7367   usb_dcd.o
      1246         40          0          0          0       8299   usb_dcd_int.o
       654          4          0         52          0      11906   usbd_core.o
       268        156          0         50          0       5948   usbd_desc.o
       152          0          0          0          0       4934   usbd_ioreq.o
       592         84          0          4       4144       9273   usbd_msc_bot.o
       290         14          0         78          0       5669   usbd_msc_core.o
         0          0         23          0          0        989   usbd_msc_data.o
      1400        176          0         24         32      13629   usbd_msc_scsi.o
      1118         44          0         16         64       9585   usbd_req.o
       216          8         36         37          0       6393   usbd_storage_msd.o
        42          0          0         28          0       3953   usbd_usr.o

    ----------------------------------------------------------------------
     14506        980        576        364       6996     458502   Object Totals
         0          0         32          0          0          0   (incl. Generated)
        34          0          1          7          4          0   (incl. Padding)

    ----------------------------------------------------------------------

      Code (inc. data)   RO Data    RW Data    ZI Data      Debug   Library Member Name

        86          0          0          0          0          0   __dczerorl2.o
         0          0          0          0          0          0   entry.o
         0          0          0          0          0          0   entry10a.o
         0          0          0          0          0          0   entry11a.o
         8          4          0          0          0          0   entry2.o
         4          0          0          0          0          0   entry5.o
         0          0          0          0          0          0   entry7b.o
         0          0          0          0          0          0   entry8b.o
         8          4          0          0          0          0   entry9a.o
        30          0          0          0          0          0   handlers.o
        36          8          0          0          0         68   init.o

    ----------------------------------------------------------------------
       174         16          0          0          0         68   Library Totals
         2          0          0          0          0          0   (incl. Padding)

    ----------------------------------------------------------------------

      Code (inc. data)   RO Data    RW Data    ZI Data      Debug   Library Name

       172         16          0          0          0         68   mc_w.l

    ----------------------------------------------------------------------
       174         16          0          0          0         68   Library Totals

    ----------------------------------------------------------------------

==============================================================================


      Code (inc. data)   RO Data    RW Data    ZI Data      Debug   

     14680        996        576        364       6996     440454   Grand Totals
     14680        996        576        220       6996     440454   ELF Image Totals (compressed)
     14680        996        576        220          0          0   ROM Totals

==============================================================================

    Total RO  Size (Code + RO Data)                15256 (  14.90kB)
    Total RW  Size (RW Data + ZI Data)              7360 (   7.19kB)
    Total ROM Size (Code + RO Data + RW Data)      15476 (  15.11kB)

==============================================================================

