<html>
<body>
<pre>
<h1>礦ision Build Log</h1>
<h2>Project:</h2>
G:\temp\新建文件夹 (14)\20160314103905!Open407V-C-Demo\Open407V-C-Demo\DCMI_OV9655\Project\Project.uvproj
Project File Date:  11/19/2015

<h2>Output:</h2>
Build target 'Open407V-C'
compiling LCD.c...
..\User\LCD\LCD.c(1298): warning:  #167-D: argument of type "uint8_t *" is incompatible with parameter of type "char *restrict"
        sprintf(lcd_buff1,"FPS:%d",str);
..\User\LCD\LCD.c: 1 warning, 0 errors
linking...
Program Size: Code=21150 RO-data=1986 RW-data=48 ZI-data=1632  
FromELF: creating hex file...
".\Output\Project.axf" - 0 Error(s), 1 Warning(s).
Load "G:\\temp\\新建文件夹 (14)\\20160314103905!Open407V-C-Demo\\Open407V-C-Demo\\DCMI_OV9655\\Project\\Output\\Project.axf" 
Erase Done.
Programming Done.
Verify OK.
Application running ...
</pre>
</body>
</html>
.
compiling stm32f4xx_usart.c...
compiling system_stm32f4xx.c...
linking...
Program Size: Code=21178 RO-data=1986 RW-data=48 ZI-data=1632  
FromELF: creating hex file...
".\Output\Project.axf" - 0 Error(s), 1 Warning(s).
Load "G:\\temp\\新建文件夹 (14)\\20160314103905!Open407V-C-Demo\\Open407V-C-Demo\\DCMI_OV9655\\Project\\Output\\Project.axf" 
Error: Flash Download failed  -  Target DLL has been cancelled
